******************************************************************************
                  MSP430 Linker PC v21.6.1                     
******************************************************************************
>> Linked Wed Apr 24 17:18:23 2024

OUTPUT FILE NAME:   <proto_board_2.out>
ENTRY POINT SYMBOL: "_c_int00_noargs"  address: 0000c9c6


MEMORY CONFIGURATION

         name            origin    length      used     unused   attr    fill
----------------------  --------  ---------  --------  --------  ----  --------
  SFR                   00000000   00000010  00000000  00000010  RWIX
  PERIPHERALS_8BIT      00000010   000000f0  00000000  000000f0  RWIX
  PERIPHERALS_16BIT     00000100   00000100  00000000  00000100  RWIX
  RAM                   00000200   00000200  00000113  000000ed  RWIX
  INFOD                 00001000   00000040  00000000  00000040  RWIX
  INFOC                 00001040   00000040  00000000  00000040  RWIX
  INFOB                 00001080   00000040  00000000  00000040  RWIX
  INFOA                 000010c0   00000040  00000000  00000040  RWIX
  FLASH                 0000c000   00003fde  00001022  00002fbc  RWIX
  BSLSIGNATURE          0000ffde   00000002  00000002  00000000  RWIX  ffff 
  INT00                 0000ffe0   00000002  00000002  00000000  RWIX
  INT01                 0000ffe2   00000002  00000000  00000002  RWIX
  INT02                 0000ffe4   00000002  00000002  00000000  RWIX
  INT03                 0000ffe6   00000002  00000002  00000000  RWIX
  INT04                 0000ffe8   00000002  00000000  00000002  RWIX
  INT05                 0000ffea   00000002  00000002  00000000  RWIX
  INT06                 0000ffec   00000002  00000002  00000000  RWIX
  INT07                 0000ffee   00000002  00000002  00000000  RWIX
  INT08                 0000fff0   00000002  00000002  00000000  RWIX
  INT09                 0000fff2   00000002  00000002  00000000  RWIX
  INT10                 0000fff4   00000002  00000002  00000000  RWIX
  INT11                 0000fff6   00000002  00000002  00000000  RWIX
  INT12                 0000fff8   00000002  00000002  00000000  RWIX
  INT13                 0000fffa   00000002  00000002  00000000  RWIX
  INT14                 0000fffc   00000002  00000002  00000000  RWIX
  RESET                 0000fffe   00000002  00000002  00000000  RWIX


SECTION ALLOCATION MAP

 output                                  attributes/
section   page    origin      length       input sections
--------  ----  ----------  ----------   ----------------
.bss       0    00000200    0000006e     UNINITIALIZED
                  00000200    00000002     (.common:b_led1)
                  00000202    00000002     (.common:b_led2)
                  00000204    00000002     (.common:b_led3)
                  00000206    00000002     (.common:b_led4)
                  00000208    00000002     (.common:b_led5)
                  0000020a    00000002     (.common:b_led6)
                  0000020c    00000002     (.common:b_led7)
                  0000020e    00000002     (.common:blue_next)
                  00000210    00000002     (.common:curr_note)
                  00000212    00000002     (.common:current_note)
                  00000214    00000002     (.common:g_led1)
                  00000216    00000002     (.common:g_led2)
                  00000218    00000002     (.common:g_led3)
                  0000021a    00000002     (.common:g_led4)
                  0000021c    00000002     (.common:g_led5)
                  0000021e    00000002     (.common:g_led6)
                  00000220    00000002     (.common:g_led7)
                  00000222    00000002     (.common:green_next)
                  00000224    00000002     (.common:new_b)
                  00000226    00000002     (.common:new_g)
                  00000228    00000002     (.common:new_o)
                  0000022a    00000002     (.common:new_r)
                  0000022c    00000002     (.common:new_y)
                  0000022e    00000002     (.common:note_position)
                  00000230    00000002     (.common:o_led1)
                  00000232    00000002     (.common:o_led2)
                  00000234    00000002     (.common:o_led3)
                  00000236    00000002     (.common:o_led4)
                  00000238    00000002     (.common:o_led5)
                  0000023a    00000002     (.common:o_led6)
                  0000023c    00000002     (.common:o_led7)
                  0000023e    00000002     (.common:orange_next)
                  00000240    00000002     (.common:play_song1)
                  00000242    00000002     (.common:play_song2)
                  00000244    00000002     (.common:r_led1)
                  00000246    00000002     (.common:r_led2)
                  00000248    00000002     (.common:r_led3)
                  0000024a    00000002     (.common:r_led4)
                  0000024c    00000002     (.common:r_led5)
                  0000024e    00000002     (.common:r_led6)
                  00000250    00000002     (.common:r_led7)
                  00000252    00000002     (.common:ready_for_next)
                  00000254    00000002     (.common:red_next)
                  00000256    00000002     (.common:shift_leds_flag)
                  00000258    00000002     (.common:songLength)
                  0000025a    00000002     (.common:state)
                  0000025c    00000002     (.common:stop_song)
                  0000025e    00000002     (.common:y_led1)
                  00000260    00000002     (.common:y_led2)
                  00000262    00000002     (.common:y_led3)
                  00000264    00000002     (.common:y_led4)
                  00000266    00000002     (.common:y_led5)
                  00000268    00000002     (.common:y_led6)
                  0000026a    00000002     (.common:y_led7)
                  0000026c    00000002     (.common:yellow_next)

.data      0    0000026e    00000055     UNINITIALIZED
                  0000026e    00000012     main.obj (.data:color_intro)
                  00000280    00000012     main.obj (.data:song_2)
                  00000292    0000000c     PlaySong.obj (.data:song1)
                  0000029e    0000000c     PlaySong.obj (.data:song2)
                  000002aa    0000000a     PlaySong.obj (.data:stop)
                  000002b4    00000004     rgb_interface.obj (.data:end_frame)
                  000002b8    00000004     main.obj (.data)
                  000002bc    00000004     rgb_interface.obj (.data:start_frame)
                  000002c0    00000003     PlaySong.obj (.data:enter)

.stack     0    000003b0    00000050     UNINITIALIZED
                  000003b0    00000002     rts430_eabi.lib : boot.c.obj (.stack)
                  000003b2    0000004e     --HOLE--

.text      0    0000c000    00000aa2     
                  0000c000    00000248     main.obj (.text:shift_leds)
                  0000c248    0000013c     main.obj (.text:main)
                  0000c384    000000d0     main.obj (.text:next_note)
                  0000c454    00000082     rgb_interface.obj (.text:set_blue)
                  0000c4d6    00000082     rgb_interface.obj (.text:set_green)
                  0000c558    00000082     rgb_interface.obj (.text:set_orange)
                  0000c5da    00000082     rgb_interface.obj (.text:set_red)
                  0000c65c    00000082     rgb_interface.obj (.text:set_yellow)
                  0000c6de    0000007c     rts430_eabi.lib : copy_decompress_lzss.c.obj (.text:decompress:lzss:__TI_decompress_lzss)
                  0000c75a    0000004c     main.obj (.text:Timer_A)
                  0000c7a6    0000004c     rts430_eabi.lib : lsr16.asm.obj (.text)
                  0000c7f2    00000042                     : autoinit.c.obj (.text:__TI_auto_init_nobinit_nopinit:__TI_auto_init_nobinit_nopinit)
                  0000c834    0000003e     main.obj (.text:init_board_communication)
                  0000c872    00000032     PlaySong.obj (.text:MusicInit)
                  0000c8a4    0000002c     PlaySong.obj (.text:PlaySong)
                  0000c8d0    0000002c     rts430_eabi.lib : lsl16.asm.obj (.text)
                  0000c8fc    0000002a     main.obj (.text:playsong1)
                  0000c926    0000002a     main.obj (.text:playsong2)
                  0000c950    0000002a     rgb_interface.obj (.text:rgb_init_spi)
                  0000c97a    00000026     main.obj (.text:init_buttons)
                  0000c9a0    00000026     rgb_interface.obj (.text:rgb_send_frame)
                  0000c9c6    0000001c     rts430_eabi.lib : boot.c.obj (.text:_c_int00_noargs)
                  0000c9e2    00000014                     : copy_zero_init.c.obj (.text:decompress:ZI:__TI_zero_init_nomemset:__TI_zero_init_nomemset)
                  0000c9f6    00000014     main.obj (.text:init_timerA)
                  0000ca0a    00000014     PlaySong.obj (.text:ser_output)
                  0000ca1e    00000012     PlaySong.obj (.text:StopSong)
                  0000ca30    00000012     rts430_eabi.lib : copy_decompress_none.c.obj (.text:decompress:none:__TI_decompress_none)
                  0000ca42    00000012                     : memcpy.c.obj (.text:memcpy)
                  0000ca54    00000010     rgb_interface.obj (.text:rgb_send_end)
                  0000ca64    00000010     rts430_eabi.lib : epilog.asm.obj (.text)
                  0000ca74    0000000e     rgb_interface.obj (.text:PlaySound)
                  0000ca82    0000000c     rgb_interface.obj (.text:rgb_send_start)
                  0000ca8e    00000008     rts430_eabi.lib : isr_trap.asm.obj (.text:_isr:__TI_ISR_TRAP)
                  0000ca96    00000006                     : exit.c.obj (.text:abort)
                  0000ca9c    00000004                     : pre_init.c.obj (.text:_system_pre_init)
                  0000caa0    00000002                     : startup.c.obj (.text:_system_post_cinit)

.const     0    0000caa2    0000053c     
                  0000caa2    00000512     PlaySong.obj (.const:song1_fortunate_son)
                  0000cfb4    00000008     rgb_interface.obj (.const:blue)
                  0000cfbc    00000008     rgb_interface.obj (.const:green)
                  0000cfc4    00000008     rgb_interface.obj (.const:orange)
                  0000cfcc    00000008     rgb_interface.obj (.const:red)
                  0000cfd4    00000008     rgb_interface.obj (.const:yellow)
                  0000cfdc    00000002     PlaySong.obj (.const)

.cinit     0    0000cfde    00000044     
                  0000cfde    00000031     (.cinit..data.load) [load image, compression = lzss]
                  0000d00f    00000001     --HOLE-- [fill = 0]
                  0000d010    00000006     (__TI_handler_table)
                  0000d016    00000004     (.cinit..bss.load) [load image, compression = zero_init]
                  0000d01a    00000008     (__TI_cinit_table)

.binit     0    0000c000    00000000     

.init_array 
*          0    0000c000    00000000     UNINITIALIZED

TRAPINT    0    0000ffe0    00000002     
                  0000ffe0    00000002     rts430_eabi.lib : int00.asm.obj (.int00)

PORT1      0    0000ffe4    00000002     
                  0000ffe4    00000002     main.obj (.int02)

PORT2      0    0000ffe6    00000002     
                  0000ffe6    00000002     main.obj (.int03)

ADC10      0    0000ffea    00000002     
                  0000ffea    00000002     rts430_eabi.lib : int05.asm.obj (.int05)

USCIAB0TX 
*          0    0000ffec    00000002     
                  0000ffec    00000002     rts430_eabi.lib : int06.asm.obj (.int06)

USCIAB0RX 
*          0    0000ffee    00000002     
                  0000ffee    00000002     rts430_eabi.lib : int07.asm.obj (.int07)

TIMER0_A1 
*          0    0000fff0    00000002     
                  0000fff0    00000002     rts430_eabi.lib : int08.asm.obj (.int08)

TIMER0_A0 
*          0    0000fff2    00000002     
                  0000fff2    00000002     main.obj (.int09)

WDT        0    0000fff4    00000002     
                  0000fff4    00000002     rts430_eabi.lib : int10.asm.obj (.int10)

COMPARATORA 
*          0    0000fff6    00000002     
                  0000fff6    00000002     rts430_eabi.lib : int11.asm.obj (.int11)

TIMER1_A1 
*          0    0000fff8    00000002     
                  0000fff8    00000002     rts430_eabi.lib : int12.asm.obj (.int12)

TIMER1_A0 
*          0    0000fffa    00000002     
                  0000fffa    00000002     rts430_eabi.lib : int13.asm.obj (.int13)

NMI        0    0000fffc    00000002     
                  0000fffc    00000002     rts430_eabi.lib : int14.asm.obj (.int14)

.reset     0    0000fffe    00000002     
                  0000fffe    00000002     rts430_eabi.lib : boot.c.obj (.reset)

$fill000   0    0000ffde    00000002     
                  0000ffde    00000002     --HOLE-- [fill = ffff]

MODULE SUMMARY

       Module                       code   ro data   rw data
       ------                       ----   -------   -------
    .\
       main.obj                     1388   6         148    
       PlaySong.obj                 132    1300      37     
       rgb_interface.obj            772    40        10     
    +--+----------------------------+------+---------+---------+
       Total:                       2292   1346      195    
                                                            
    C:\ti\ccs1260\ccs\tools\compiler\ti-cgt-msp430_21.6.1.LTS\lib\rts430_eabi.lib
       copy_decompress_lzss.c.obj   124    0         0      
       lsr16.asm.obj                76     0         0      
       autoinit.c.obj               66     0         0      
       lsl16.asm.obj                44     0         0      
       boot.c.obj                   28     2         0      
       copy_zero_init.c.obj         20     0         0      
       copy_decompress_none.c.obj   18     0         0      
       memcpy.c.obj                 18     0         0      
       epilog.asm.obj               16     0         0      
       isr_trap.asm.obj             8      0         0      
       exit.c.obj                   6      0         0      
       pre_init.c.obj               4      0         0      
       int00.asm.obj                0      2         0      
       int05.asm.obj                0      2         0      
       int06.asm.obj                0      2         0      
       int07.asm.obj                0      2         0      
       int08.asm.obj                0      2         0      
       int10.asm.obj                0      2         0      
       int11.asm.obj                0      2         0      
       int12.asm.obj                0      2         0      
       int13.asm.obj                0      2         0      
       int14.asm.obj                0      2         0      
       startup.c.obj                2      0         0      
    +--+----------------------------+------+---------+---------+
       Total:                       430    22        0      
                                                            
       Stack:                       0      0         80     
       Linker Generated:            0      67        0      
    +--+----------------------------+------+---------+---------+
       Grand Total:                 2722   1435      275    


LINKER GENERATED COPY TABLES

__TI_cinit_table @ 0000d01a records: 2, size/record: 4, table size: 8
	.data: load addr=0000cfde, load size=00000031 bytes, run addr=0000026e, run size=00000055 bytes, compression=lzss
	.bss: load addr=0000d016, load size=00000004 bytes, run addr=00000200, run size=0000006e bytes, compression=zero_init


LINKER GENERATED HANDLER TABLE

__TI_handler_table @ 0000d010 records: 3, size/record: 2, table size: 6
	index: 0, handler: __TI_zero_init
	index: 1, handler: __TI_decompress_lzss
	index: 2, handler: __TI_decompress_none


GLOBAL SYMBOLS: SORTED ALPHABETICALLY BY Name 

address   name                          
-------   ----                          
0000004a  ADC10AE0                      
000001b0  ADC10CTL0                     
000001b2  ADC10CTL1                     
00000048  ADC10DTC0                     
00000049  ADC10DTC1                     
000001b4  ADC10MEM                      
000001bc  ADC10SA                       
00000057  BCSCTL1                       
00000058  BCSCTL2                       
00000053  BCSCTL3                       
0000ca96  C$$EXIT                       
00000059  CACTL1                        
0000005a  CACTL2                        
000010fb  CALBC1_12MHZ                  
000010f9  CALBC1_16MHZ                  
000010ff  CALBC1_1MHZ                   
000010fd  CALBC1_8MHZ                   
000010fa  CALDCO_12MHZ                  
000010f8  CALDCO_16MHZ                  
000010fe  CALDCO_1MHZ                   
000010fc  CALDCO_8MHZ                   
0000005b  CAPD                          
00000056  DCOCTL                        
00000128  FCTL1                         
0000012a  FCTL2                         
0000012c  FCTL3                         
00000000  IE1                           
00000001  IE2                           
00000002  IFG1                          
00000003  IFG2                          
0000c872  MusicInit                     
00000022  P1DIR                         
00000025  P1IE                          
00000024  P1IES                         
00000023  P1IFG                         
00000020  P1IN                          
00000021  P1OUT                         
00000027  P1REN                         
00000026  P1SEL                         
00000041  P1SEL2                        
0000002a  P2DIR                         
0000002d  P2IE                          
0000002c  P2IES                         
0000002b  P2IFG                         
00000028  P2IN                          
00000029  P2OUT                         
0000002f  P2REN                         
0000002e  P2SEL                         
00000042  P2SEL2                        
0000001a  P3DIR                         
00000018  P3IN                          
00000019  P3OUT                         
00000010  P3REN                         
0000001b  P3SEL                         
00000043  P3SEL2                        
0000c8a4  PlaySong                      
0000ca74  PlaySound                     
0000ca1e  StopSong                      
00000172  TA0CCR0                       
00000174  TA0CCR1                       
00000176  TA0CCR2                       
00000162  TA0CCTL0                      
00000164  TA0CCTL1                      
00000166  TA0CCTL2                      
00000160  TA0CTL                        
0000012e  TA0IV                         
00000170  TA0R                          
00000192  TA1CCR0                       
00000194  TA1CCR1                       
00000196  TA1CCR2                       
00000182  TA1CCTL0                      
00000184  TA1CCTL1                      
00000186  TA1CCTL2                      
00000180  TA1CTL                        
0000011e  TA1IV                         
00000190  TA1R                          
000010db  TLV_ADC10_1_LEN               
000010da  TLV_ADC10_1_TAG               
000010c0  TLV_CHECKSUM                  
000010f7  TLV_DCO_30_LEN                
000010f6  TLV_DCO_30_TAG                
0000c75a  Timer_A                       
0000005d  UCA0ABCTL                     
00000062  UCA0BR0                       
00000063  UCA0BR1                       
00000060  UCA0CTL0                      
00000061  UCA0CTL1                      
0000005f  UCA0IRRCTL                    
0000005e  UCA0IRTCTL                    
00000064  UCA0MCTL                      
00000066  UCA0RXBUF                     
00000065  UCA0STAT                      
00000067  UCA0TXBUF                     
0000006a  UCB0BR0                       
0000006b  UCB0BR1                       
00000068  UCB0CTL0                      
00000069  UCB0CTL1                      
0000006c  UCB0I2CIE                     
00000118  UCB0I2COA                     
0000011a  UCB0I2CSA                     
0000006e  UCB0RXBUF                     
0000006d  UCB0STAT                      
0000006f  UCB0TXBUF                     
00000120  WDTCTL                        
00000400  __STACK_END                   
00000050  __STACK_SIZE                  
0000d01a  __TI_CINIT_Base               
0000d022  __TI_CINIT_Limit              
0000d022  __TI_CINIT_Warm               
0000d010  __TI_Handler_Table_Base       
0000d016  __TI_Handler_Table_Limit      
0000ca8e  __TI_ISR_TRAP                 
0000c7f2  __TI_auto_init_nobinit_nopinit
0000c6de  __TI_decompress_lzss          
0000ca30  __TI_decompress_none          
0000ffe0  __TI_int00                    
0000ffe4  __TI_int02                    
0000ffe6  __TI_int03                    
0000ffea  __TI_int05                    
0000ffec  __TI_int06                    
0000ffee  __TI_int07                    
0000fff0  __TI_int08                    
0000fff2  __TI_int09                    
0000fff4  __TI_int10                    
0000fff6  __TI_int11                    
0000fff8  __TI_int12                    
0000fffa  __TI_int13                    
0000fffc  __TI_int14                    
ffffffff  __TI_pprof_out_hndl           
ffffffff  __TI_prof_data_size           
ffffffff  __TI_prof_data_start          
0000c9e2  __TI_zero_init_nomemset       
ffffffff  __c_args__                    
0000ca70  __mspabi_func_epilog_1        
0000ca6e  __mspabi_func_epilog_2        
0000ca6c  __mspabi_func_epilog_3        
0000ca6a  __mspabi_func_epilog_4        
0000ca68  __mspabi_func_epilog_5        
0000ca66  __mspabi_func_epilog_6        
0000ca64  __mspabi_func_epilog_7        
0000c8d0  __mspabi_slli                 
0000c8f8  __mspabi_slli_1               
0000c8e6  __mspabi_slli_10              
0000c8e4  __mspabi_slli_11              
0000c8e2  __mspabi_slli_12              
0000c8e0  __mspabi_slli_13              
0000c8de  __mspabi_slli_14              
0000c8dc  __mspabi_slli_15              
0000c8f6  __mspabi_slli_2               
0000c8f4  __mspabi_slli_3               
0000c8f2  __mspabi_slli_4               
0000c8f0  __mspabi_slli_5               
0000c8ee  __mspabi_slli_6               
0000c8ec  __mspabi_slli_7               
0000c8ea  __mspabi_slli_8               
0000c8e8  __mspabi_slli_9               
0000c7a6  __mspabi_srli                 
0000c7ec  __mspabi_srli_1               
0000c7c8  __mspabi_srli_10              
0000c7c4  __mspabi_srli_11              
0000c7c0  __mspabi_srli_12              
0000c7bc  __mspabi_srli_13              
0000c7b8  __mspabi_srli_14              
0000c7b4  __mspabi_srli_15              
0000c7e8  __mspabi_srli_2               
0000c7e4  __mspabi_srli_3               
0000c7e0  __mspabi_srli_4               
0000c7dc  __mspabi_srli_5               
0000c7d8  __mspabi_srli_6               
0000c7d4  __mspabi_srli_7               
0000c7d0  __mspabi_srli_8               
0000c7cc  __mspabi_srli_9               
0000c9c6  _c_int00_noargs               
0000fffe  _reset_vector                 
000003b0  _stack                        
0000caa0  _system_post_cinit            
0000ca9c  _system_pre_init              
0000ca96  abort                         
00000200  b_led1                        
00000202  b_led2                        
00000204  b_led3                        
00000206  b_led4                        
00000208  b_led5                        
0000020a  b_led6                        
0000020c  b_led7                        
0000cfb4  blue                          
0000020e  blue_next                     
0000026e  color_intro                   
000002b8  counter                       
00000210  curr_note                     
00000212  current_note                  
000002b4  end_frame                     
000002c0  enter                         
00000214  g_led1                        
00000216  g_led2                        
00000218  g_led3                        
0000021a  g_led4                        
0000021c  g_led5                        
0000021e  g_led6                        
00000220  g_led7                        
0000cfbc  green                         
00000222  green_next                    
0000c834  init_board_communication      
0000c97a  init_buttons                  
0000c9f6  init_timerA                   
0000c248  main                          
0000ca42  memcpy                        
00000224  new_b                         
00000226  new_g                         
00000228  new_o                         
0000022a  new_r                         
0000022c  new_y                         
000002ba  next                          
0000c384  next_note                     
0000022e  note_position                 
00000230  o_led1                        
00000232  o_led2                        
00000234  o_led3                        
00000236  o_led4                        
00000238  o_led5                        
0000023a  o_led6                        
0000023c  o_led7                        
0000cfc4  orange                        
0000023e  orange_next                   
00000240  play_song1                    
00000242  play_song2                    
0000c8fc  playsong1                     
0000c926  playsong2                     
00000244  r_led1                        
00000246  r_led2                        
00000248  r_led3                        
0000024a  r_led4                        
0000024c  r_led5                        
0000024e  r_led6                        
00000250  r_led7                        
00000252  ready_for_next                
0000cfcc  red                           
00000254  red_next                      
0000c950  rgb_init_spi                  
0000ca54  rgb_send_end                  
0000c9a0  rgb_send_frame                
0000ca82  rgb_send_start                
0000ca0a  ser_output                    
0000c454  set_blue                      
0000c4d6  set_green                     
0000c558  set_orange                    
0000c5da  set_red                       
0000c65c  set_yellow                    
0000c000  shift_leds                    
00000256  shift_leds_flag               
00000292  song1                         
0000caa2  song1_fortunate_son           
0000029e  song2                         
00000258  songLength                    
0000cfdc  songLength1                   
00000280  song_2                        
000002bc  start_frame                   
0000025a  state                         
000002aa  stop                          
0000025c  stop_song                     
0000025e  y_led1                        
00000260  y_led2                        
00000262  y_led3                        
00000264  y_led4                        
00000266  y_led5                        
00000268  y_led6                        
0000026a  y_led7                        
0000cfd4  yellow                        
0000026c  yellow_next                   


GLOBAL SYMBOLS: SORTED BY Symbol Address 

address   name                          
-------   ----                          
00000000  IE1                           
00000001  IE2                           
00000002  IFG1                          
00000003  IFG2                          
00000010  P3REN                         
00000018  P3IN                          
00000019  P3OUT                         
0000001a  P3DIR                         
0000001b  P3SEL                         
00000020  P1IN                          
00000021  P1OUT                         
00000022  P1DIR                         
00000023  P1IFG                         
00000024  P1IES                         
00000025  P1IE                          
00000026  P1SEL                         
00000027  P1REN                         
00000028  P2IN                          
00000029  P2OUT                         
0000002a  P2DIR                         
0000002b  P2IFG                         
0000002c  P2IES                         
0000002d  P2IE                          
0000002e  P2SEL                         
0000002f  P2REN                         
00000041  P1SEL2                        
00000042  P2SEL2                        
00000043  P3SEL2                        
00000048  ADC10DTC0                     
00000049  ADC10DTC1                     
0000004a  ADC10AE0                      
00000050  __STACK_SIZE                  
00000053  BCSCTL3                       
00000056  DCOCTL                        
00000057  BCSCTL1                       
00000058  BCSCTL2                       
00000059  CACTL1                        
0000005a  CACTL2                        
0000005b  CAPD                          
0000005d  UCA0ABCTL                     
0000005e  UCA0IRTCTL                    
0000005f  UCA0IRRCTL                    
00000060  UCA0CTL0                      
00000061  UCA0CTL1                      
00000062  UCA0BR0                       
00000063  UCA0BR1                       
00000064  UCA0MCTL                      
00000065  UCA0STAT                      
00000066  UCA0RXBUF                     
00000067  UCA0TXBUF                     
00000068  UCB0CTL0                      
00000069  UCB0CTL1                      
0000006a  UCB0BR0                       
0000006b  UCB0BR1                       
0000006c  UCB0I2CIE                     
0000006d  UCB0STAT                      
0000006e  UCB0RXBUF                     
0000006f  UCB0TXBUF                     
00000118  UCB0I2COA                     
0000011a  UCB0I2CSA                     
0000011e  TA1IV                         
00000120  WDTCTL                        
00000128  FCTL1                         
0000012a  FCTL2                         
0000012c  FCTL3                         
0000012e  TA0IV                         
00000160  TA0CTL                        
00000162  TA0CCTL0                      
00000164  TA0CCTL1                      
00000166  TA0CCTL2                      
00000170  TA0R                          
00000172  TA0CCR0                       
00000174  TA0CCR1                       
00000176  TA0CCR2                       
00000180  TA1CTL                        
00000182  TA1CCTL0                      
00000184  TA1CCTL1                      
00000186  TA1CCTL2                      
00000190  TA1R                          
00000192  TA1CCR0                       
00000194  TA1CCR1                       
00000196  TA1CCR2                       
000001b0  ADC10CTL0                     
000001b2  ADC10CTL1                     
000001b4  ADC10MEM                      
000001bc  ADC10SA                       
00000200  b_led1                        
00000202  b_led2                        
00000204  b_led3                        
00000206  b_led4                        
00000208  b_led5                        
0000020a  b_led6                        
0000020c  b_led7                        
0000020e  blue_next                     
00000210  curr_note                     
00000212  current_note                  
00000214  g_led1                        
00000216  g_led2                        
00000218  g_led3                        
0000021a  g_led4                        
0000021c  g_led5                        
0000021e  g_led6                        
00000220  g_led7                        
00000222  green_next                    
00000224  new_b                         
00000226  new_g                         
00000228  new_o                         
0000022a  new_r                         
0000022c  new_y                         
0000022e  note_position                 
00000230  o_led1                        
00000232  o_led2                        
00000234  o_led3                        
00000236  o_led4                        
00000238  o_led5                        
0000023a  o_led6                        
0000023c  o_led7                        
0000023e  orange_next                   
00000240  play_song1                    
00000242  play_song2                    
00000244  r_led1                        
00000246  r_led2                        
00000248  r_led3                        
0000024a  r_led4                        
0000024c  r_led5                        
0000024e  r_led6                        
00000250  r_led7                        
00000252  ready_for_next                
00000254  red_next                      
00000256  shift_leds_flag               
00000258  songLength                    
0000025a  state                         
0000025c  stop_song                     
0000025e  y_led1                        
00000260  y_led2                        
00000262  y_led3                        
00000264  y_led4                        
00000266  y_led5                        
00000268  y_led6                        
0000026a  y_led7                        
0000026c  yellow_next                   
0000026e  color_intro                   
00000280  song_2                        
00000292  song1                         
0000029e  song2                         
000002aa  stop                          
000002b4  end_frame                     
000002b8  counter                       
000002ba  next                          
000002bc  start_frame                   
000002c0  enter                         
000003b0  _stack                        
00000400  __STACK_END                   
000010c0  TLV_CHECKSUM                  
000010da  TLV_ADC10_1_TAG               
000010db  TLV_ADC10_1_LEN               
000010f6  TLV_DCO_30_TAG                
000010f7  TLV_DCO_30_LEN                
000010f8  CALDCO_16MHZ                  
000010f9  CALBC1_16MHZ                  
000010fa  CALDCO_12MHZ                  
000010fb  CALBC1_12MHZ                  
000010fc  CALDCO_8MHZ                   
000010fd  CALBC1_8MHZ                   
000010fe  CALDCO_1MHZ                   
000010ff  CALBC1_1MHZ                   
0000c000  shift_leds                    
0000c248  main                          
0000c384  next_note                     
0000c454  set_blue                      
0000c4d6  set_green                     
0000c558  set_orange                    
0000c5da  set_red                       
0000c65c  set_yellow                    
0000c6de  __TI_decompress_lzss          
0000c75a  Timer_A                       
0000c7a6  __mspabi_srli                 
0000c7b4  __mspabi_srli_15              
0000c7b8  __mspabi_srli_14              
0000c7bc  __mspabi_srli_13              
0000c7c0  __mspabi_srli_12              
0000c7c4  __mspabi_srli_11              
0000c7c8  __mspabi_srli_10              
0000c7cc  __mspabi_srli_9               
0000c7d0  __mspabi_srli_8               
0000c7d4  __mspabi_srli_7               
0000c7d8  __mspabi_srli_6               
0000c7dc  __mspabi_srli_5               
0000c7e0  __mspabi_srli_4               
0000c7e4  __mspabi_srli_3               
0000c7e8  __mspabi_srli_2               
0000c7ec  __mspabi_srli_1               
0000c7f2  __TI_auto_init_nobinit_nopinit
0000c834  init_board_communication      
0000c872  MusicInit                     
0000c8a4  PlaySong                      
0000c8d0  __mspabi_slli                 
0000c8dc  __mspabi_slli_15              
0000c8de  __mspabi_slli_14              
0000c8e0  __mspabi_slli_13              
0000c8e2  __mspabi_slli_12              
0000c8e4  __mspabi_slli_11              
0000c8e6  __mspabi_slli_10              
0000c8e8  __mspabi_slli_9               
0000c8ea  __mspabi_slli_8               
0000c8ec  __mspabi_slli_7               
0000c8ee  __mspabi_slli_6               
0000c8f0  __mspabi_slli_5               
0000c8f2  __mspabi_slli_4               
0000c8f4  __mspabi_slli_3               
0000c8f6  __mspabi_slli_2               
0000c8f8  __mspabi_slli_1               
0000c8fc  playsong1                     
0000c926  playsong2                     
0000c950  rgb_init_spi                  
0000c97a  init_buttons                  
0000c9a0  rgb_send_frame                
0000c9c6  _c_int00_noargs               
0000c9e2  __TI_zero_init_nomemset       
0000c9f6  init_timerA                   
0000ca0a  ser_output                    
0000ca1e  StopSong                      
0000ca30  __TI_decompress_none          
0000ca42  memcpy                        
0000ca54  rgb_send_end                  
0000ca64  __mspabi_func_epilog_7        
0000ca66  __mspabi_func_epilog_6        
0000ca68  __mspabi_func_epilog_5        
0000ca6a  __mspabi_func_epilog_4        
0000ca6c  __mspabi_func_epilog_3        
0000ca6e  __mspabi_func_epilog_2        
0000ca70  __mspabi_func_epilog_1        
0000ca74  PlaySound                     
0000ca82  rgb_send_start                
0000ca8e  __TI_ISR_TRAP                 
0000ca96  C$$EXIT                       
0000ca96  abort                         
0000ca9c  _system_pre_init              
0000caa0  _system_post_cinit            
0000caa2  song1_fortunate_son           
0000cfb4  blue                          
0000cfbc  green                         
0000cfc4  orange                        
0000cfcc  red                           
0000cfd4  yellow                        
0000cfdc  songLength1                   
0000d010  __TI_Handler_Table_Base       
0000d016  __TI_Handler_Table_Limit      
0000d01a  __TI_CINIT_Base               
0000d022  __TI_CINIT_Limit              
0000d022  __TI_CINIT_Warm               
0000ffe0  __TI_int00                    
0000ffe4  __TI_int02                    
0000ffe6  __TI_int03                    
0000ffea  __TI_int05                    
0000ffec  __TI_int06                    
0000ffee  __TI_int07                    
0000fff0  __TI_int08                    
0000fff2  __TI_int09                    
0000fff4  __TI_int10                    
0000fff6  __TI_int11                    
0000fff8  __TI_int12                    
0000fffa  __TI_int13                    
0000fffc  __TI_int14                    
0000fffe  _reset_vector                 
ffffffff  __TI_pprof_out_hndl           
ffffffff  __TI_prof_data_size           
ffffffff  __TI_prof_data_start          
ffffffff  __c_args__                    

[269 symbols]
