******************************************************************************
                  MSP430 Linker PC v21.6.1                     
******************************************************************************
>> Linked Tue Apr 23 01:39:00 2024

OUTPUT FILE NAME:   <young_scoreboard_template.out>
ENTRY POINT SYMBOL: "_c_int00_noargs"  address: 0000cad4


MEMORY CONFIGURATION

         name            origin    length      used     unused   attr    fill
----------------------  --------  ---------  --------  --------  ----  --------
  SFR                   00000000   00000010  00000000  00000010  RWIX
  PERIPHERALS_8BIT      00000010   000000f0  00000000  000000f0  RWIX
  PERIPHERALS_16BIT     00000100   00000100  00000000  00000100  RWIX
  RAM                   00000200   00000200  00000132  000000ce  RWIX
  INFOD                 00001000   00000040  00000000  00000040  RWIX
  INFOC                 00001040   00000040  00000000  00000040  RWIX
  INFOB                 00001080   00000040  00000000  00000040  RWIX
  INFOA                 000010c0   00000040  00000000  00000040  RWIX
  FLASH                 0000c000   00003fde  00000cee  000032f0  RWIX
  BSLSIGNATURE          0000ffde   00000002  00000002  00000000  RWIX  ffff 
  INT00                 0000ffe0   00000002  00000002  00000000  RWIX
  INT01                 0000ffe2   00000002  00000000  00000002  RWIX
  INT02                 0000ffe4   00000002  00000002  00000000  RWIX
  INT03                 0000ffe6   00000002  00000002  00000000  RWIX
  INT04                 0000ffe8   00000002  00000000  00000002  RWIX
  INT05                 0000ffea   00000002  00000002  00000000  RWIX
  INT06                 0000ffec   00000002  00000002  00000000  RWIX
  INT07                 0000ffee   00000002  00000002  00000000  RWIX
  INT08                 0000fff0   00000002  00000002  00000000  RWIX
  INT09                 0000fff2   00000002  00000002  00000000  RWIX
  INT10                 0000fff4   00000002  00000002  00000000  RWIX
  INT11                 0000fff6   00000002  00000002  00000000  RWIX
  INT12                 0000fff8   00000002  00000002  00000000  RWIX
  INT13                 0000fffa   00000002  00000002  00000000  RWIX
  INT14                 0000fffc   00000002  00000002  00000000  RWIX
  RESET                 0000fffe   00000002  00000002  00000000  RWIX


SECTION ALLOCATION MAP

 output                                  attributes/
section   page    origin      length       input sections
--------  ----  ----------  ----------   ----------------
.data      0    00000200    000000bd     UNINITIALIZED
                  00000200    00000012     main.obj (.data:blue_colors_song1)
                  00000212    00000012     main.obj (.data:blue_colors_song2)
                  00000224    00000012     main.obj (.data:green_colors_song1)
                  00000236    00000012     main.obj (.data:green_colors_song2)
                  00000248    00000012     main.obj (.data:orange_colors_song1)
                  0000025a    00000012     main.obj (.data:orange_colors_song2)
                  0000026c    00000012     main.obj (.data:red_colors_song1)
                  0000027e    00000012     main.obj (.data:red_colors_song2)
                  00000290    00000012     main.obj (.data:yellow_colors_song1)
                  000002a2    00000012     main.obj (.data:yellow_colors_song2)
                  000002b4    00000004     rgb_interface_user.obj (.data:end_frame)
                  000002b8    00000004     rgb_interface_user.obj (.data:start_frame)
                  000002bc    00000001     i2c.obj (.data)

.bss       0    000002be    00000025     UNINITIALIZED
                  000002be    00000002     (.common:button_press_detected)
                  000002c0    00000002     (.common:current_note)
                  000002c2    00000002     (.common:debounce_counter)
                  000002c4    00000002     (.common:led1)
                  000002c6    00000002     (.common:led2)
                  000002c8    00000002     (.common:led3)
                  000002ca    00000002     (.common:led4)
                  000002cc    00000002     (.common:led5)
                  000002ce    00000002     (.common:ready_for_next)
                  000002d0    00000002     (.common:score)
                  000002d2    00000002     (.common:song)
                  000002d4    00000002     (.common:state)
                  000002d6    00000002     (.common:strummer)
                  000002d8    00000002     (.common:user_LED_1)
                  000002da    00000002     (.common:user_LED_2)
                  000002dc    00000002     (.common:user_LED_3)
                  000002de    00000002     (.common:user_LED_4)
                  000002e0    00000002     (.common:user_LED_5)
                  000002e2    00000001     (.common:byteToTransmit)

.stack     0    000003b0    00000050     UNINITIALIZED
                  000003b0    00000002     rts430_eabi.lib : boot.c.obj (.stack)
                  000003b2    0000004e     --HOLE--

.text      0    0000c000    00000c22     
                  0000c000    00000116     rts430_eabi.lib : _printfi.c.obj (.text:__TI_printfi_minimal:_setfield___TI_printfi_minimal)
                  0000c116    000000fa     main.obj (.text:button)
                  0000c210    000000f0     main.obj (.text:main)
                  0000c300    000000ec     rts430_eabi.lib : _printfi.c.obj (.text:__TI_printfi_minimal:__TI_printfi_minimal)
                  0000c3ec    000000d4     main.obj (.text:check_input)
                  0000c4c0    000000ca     rts430_eabi.lib : _printfi.c.obj (.text:__TI_printfi_minimal:_pproc_diouxp___TI_printfi_minimal)
                  0000c58a    00000084     lcd.obj (.text:LcdWriteCommand)
                  0000c60e    0000007c     lcd.obj (.text:LcdWriteChar)
                  0000c68a    0000007c     rts430_eabi.lib : copy_decompress_lzss.c.obj (.text:decompress:lzss:__TI_decompress_lzss)
                  0000c706    00000068     rgb_interface_user.obj (.text:set_temperature)
                  0000c76e    00000066     lcd.obj (.text:LcdInit)
                  0000c7d4    00000058     lcd.obj (.text:LcdSetPosition)
                  0000c82c    00000056     rts430_eabi.lib : snprintf.c.obj (.text:snprintf)
                  0000c882    0000004c                     : lsr16.asm.obj (.text)
                  0000c8ce    00000042                     : autoinit.c.obj (.text:__TI_auto_init_nobinit_nopinit:__TI_auto_init_nobinit_nopinit)
                  0000c910    0000003a     i2c.obj (.text:I2cTransmitInit)
                  0000c94a    00000036     rts430_eabi.lib : snprintf.c.obj (.text:_outs)
                  0000c980    0000002c                     : lsl16.asm.obj (.text)
                  0000c9ac    0000002a     main.obj (.text:init_board_communication)
                  0000c9d6    0000002a     rgb_interface_user.obj (.text:rgb_init_spi)
                  0000ca00    00000026     main.obj (.text:init_buttons)
                  0000ca26    00000026     rgb_interface_user.obj (.text:rgb_send_frame)
                  0000ca4c    00000026     serial_comm.obj (.text:serial_init_spi)
                  0000ca72    00000022     i2c.obj (.text:USCIAB0TX_ISR)
                  0000ca94    00000022     rts430_eabi.lib : memccpy.c.obj (.text:memccpy)
                  0000cab6    0000001e                     : snprintf.c.obj (.text:_outc)
                  0000cad4    0000001c                     : boot.c.obj (.text:_c_int00_noargs)
                  0000caf0    0000001a                     : strcat.c.obj (.text:strcat)
                  0000cb0a    00000016     lcd.obj (.text:LcdWriteString)
                  0000cb20    00000016     rts430_eabi.lib : div16u.asm.obj (.text)
                  0000cb36    00000014     i2c.obj (.text:I2cTransmit)
                  0000cb4a    00000014     rts430_eabi.lib : copy_zero_init.c.obj (.text:decompress:ZI:__TI_zero_init_nomemset:__TI_zero_init_nomemset)
                  0000cb5e    00000014                     : memset.c.obj (.text:memset)
                  0000cb72    00000014                     : mult16.asm.obj (.text)
                  0000cb86    00000012                     : copy_decompress_none.c.obj (.text:decompress:none:__TI_decompress_none)
                  0000cb98    00000012                     : memcpy.c.obj (.text:memcpy)
                  0000cbaa    00000010     main.obj (.text:play_song1)
                  0000cbba    00000010     main.obj (.text:play_song2)
                  0000cbca    00000010     rgb_interface_user.obj (.text:rgb_send_end)
                  0000cbda    00000010     rts430_eabi.lib : epilog.asm.obj (.text)
                  0000cbea    0000000e                     : strlen.c.obj (.text:strlen)
                  0000cbf8    0000000c     rgb_interface_user.obj (.text:rgb_send_start)
                  0000cc04    0000000a     i2c.obj (.text:I2cNotReady)
                  0000cc0e    00000008     rts430_eabi.lib : isr_trap.asm.obj (.text:_isr:__TI_ISR_TRAP)
                  0000cc16    00000006                     : exit.c.obj (.text:abort)
                  0000cc1c    00000004                     : pre_init.c.obj (.text:_system_pre_init)
                  0000cc20    00000002                     : startup.c.obj (.text:_system_post_cinit)

.const     0    0000cc22    000000a0     
                  0000cc22    00000052     main.obj (.const:.string)
                  0000cc74    00000026     rts430_eabi.lib : _printfi.c.obj (.const:.string)
                  0000cc9a    00000008     rgb_interface_user.obj (.const:blue)
                  0000cca2    00000008     rgb_interface_user.obj (.const:green)
                  0000ccaa    00000008     rgb_interface_user.obj (.const:orange)
                  0000ccb2    00000008     rgb_interface_user.obj (.const:red)
                  0000ccba    00000008     rgb_interface_user.obj (.const:yellow)

.cinit     0    0000ccc2    0000002c     
                  0000ccc2    00000019     (.cinit..data.load) [load image, compression = lzss]
                  0000ccdb    00000001     --HOLE-- [fill = 0]
                  0000ccdc    00000006     (__TI_handler_table)
                  0000cce2    00000004     (.cinit..bss.load) [load image, compression = zero_init]
                  0000cce6    00000008     (__TI_cinit_table)

.binit     0    0000c000    00000000     

.init_array 
*          0    0000c000    00000000     UNINITIALIZED

TRAPINT    0    0000ffe0    00000002     
                  0000ffe0    00000002     rts430_eabi.lib : int00.asm.obj (.int00)

PORT1      0    0000ffe4    00000002     
                  0000ffe4    00000002     rts430_eabi.lib : int02.asm.obj (.int02)

PORT2      0    0000ffe6    00000002     
                  0000ffe6    00000002     main.obj (.int03)

ADC10      0    0000ffea    00000002     
                  0000ffea    00000002     rts430_eabi.lib : int05.asm.obj (.int05)

USCIAB0TX 
*          0    0000ffec    00000002     
                  0000ffec    00000002     i2c.obj (.int06)

USCIAB0RX 
*          0    0000ffee    00000002     
                  0000ffee    00000002     rts430_eabi.lib : int07.asm.obj (.int07)

TIMER0_A1 
*          0    0000fff0    00000002     
                  0000fff0    00000002     rts430_eabi.lib : int08.asm.obj (.int08)

TIMER0_A0 
*          0    0000fff2    00000002     
                  0000fff2    00000002     rts430_eabi.lib : int09.asm.obj (.int09)

WDT        0    0000fff4    00000002     
                  0000fff4    00000002     rts430_eabi.lib : int10.asm.obj (.int10)

COMPARATORA 
*          0    0000fff6    00000002     
                  0000fff6    00000002     rts430_eabi.lib : int11.asm.obj (.int11)

TIMER1_A1 
*          0    0000fff8    00000002     
                  0000fff8    00000002     rts430_eabi.lib : int12.asm.obj (.int12)

TIMER1_A0 
*          0    0000fffa    00000002     
                  0000fffa    00000002     rts430_eabi.lib : int13.asm.obj (.int13)

NMI        0    0000fffc    00000002     
                  0000fffc    00000002     rts430_eabi.lib : int14.asm.obj (.int14)

.reset     0    0000fffe    00000002     
                  0000fffe    00000002     rts430_eabi.lib : boot.c.obj (.reset)

$fill000   0    0000ffde    00000002     
                  0000ffde    00000002     --HOLE-- [fill = ffff]

MODULE SUMMARY

       Module                       code   ro data   rw data
       ------                       ----   -------   -------
    .\
       main.obj                     814    84        214    
       lcd.obj                      468    0         0      
       rgb_interface_user.obj       212    40        10     
       i2c.obj                      122    2         2      
       serial_comm.obj              38     0         0      
    +--+----------------------------+------+---------+---------+
       Total:                       1654   126       226    
                                                            
    C:\ti\ccs1260\ccs\tools\compiler\ti-cgt-msp430_21.6.1.LTS\lib\rts430_eabi.lib
       _printfi.c.obj               716    38        0      
       snprintf.c.obj               170    0         0      
       copy_decompress_lzss.c.obj   124    0         0      
       lsr16.asm.obj                76     0         0      
       autoinit.c.obj               66     0         0      
       lsl16.asm.obj                44     0         0      
       memccpy.c.obj                34     0         0      
       boot.c.obj                   28     2         0      
       strcat.c.obj                 26     0         0      
       div16u.asm.obj               22     0         0      
       copy_zero_init.c.obj         20     0         0      
       memset.c.obj                 20     0         0      
       mult16.asm.obj               20     0         0      
       copy_decompress_none.c.obj   18     0         0      
       memcpy.c.obj                 18     0         0      
       epilog.asm.obj               16     0         0      
       strlen.c.obj                 14     0         0      
       isr_trap.asm.obj             8      0         0      
       exit.c.obj                   6      0         0      
       pre_init.c.obj               4      0         0      
       int00.asm.obj                0      2         0      
       int02.asm.obj                0      2         0      
       int05.asm.obj                0      2         0      
       int07.asm.obj                0      2         0      
       int08.asm.obj                0      2         0      
       int09.asm.obj                0      2         0      
       int10.asm.obj                0      2         0      
       int11.asm.obj                0      2         0      
       int12.asm.obj                0      2         0      
       int13.asm.obj                0      2         0      
       int14.asm.obj                0      2         0      
       startup.c.obj                2      0         0      
    +--+----------------------------+------+---------+---------+
       Total:                       1452   62        0      
                                                            
       Stack:                       0      0         80     
       Linker Generated:            0      43        0      
    +--+----------------------------+------+---------+---------+
       Grand Total:                 3106   231       306    


LINKER GENERATED COPY TABLES

__TI_cinit_table @ 0000cce6 records: 2, size/record: 4, table size: 8
	.data: load addr=0000ccc2, load size=00000019 bytes, run addr=00000200, run size=000000bd bytes, compression=lzss
	.bss: load addr=0000cce2, load size=00000004 bytes, run addr=000002be, run size=00000025 bytes, compression=zero_init


LINKER GENERATED HANDLER TABLE

__TI_handler_table @ 0000ccdc records: 3, size/record: 2, table size: 6
	index: 0, handler: __TI_zero_init
	index: 1, handler: __TI_decompress_lzss
	index: 2, handler: __TI_decompress_none


GLOBAL SYMBOLS: SORTED ALPHABETICALLY BY Name 

address   name                          
-------   ----                          
0000004a  ADC10AE0                      
000001b0  ADC10CTL0                     
000001b2  ADC10CTL1                     
00000048  ADC10DTC0                     
00000049  ADC10DTC1                     
000001b4  ADC10MEM                      
000001bc  ADC10SA                       
00000057  BCSCTL1                       
00000058  BCSCTL2                       
00000053  BCSCTL3                       
0000cc16  C$$EXIT                       
00000059  CACTL1                        
0000005a  CACTL2                        
000010fb  CALBC1_12MHZ                  
000010f9  CALBC1_16MHZ                  
000010ff  CALBC1_1MHZ                   
000010fd  CALBC1_8MHZ                   
000010fa  CALDCO_12MHZ                  
000010f8  CALDCO_16MHZ                  
000010fe  CALDCO_1MHZ                   
000010fc  CALDCO_8MHZ                   
0000005b  CAPD                          
00000056  DCOCTL                        
00000128  FCTL1                         
0000012a  FCTL2                         
0000012c  FCTL3                         
0000cc04  I2cNotReady                   
0000cb36  I2cTransmit                   
0000c910  I2cTransmitInit               
00000000  IE1                           
00000001  IE2                           
00000002  IFG1                          
00000003  IFG2                          
0000c76e  LcdInit                       
0000c7d4  LcdSetPosition                
0000c60e  LcdWriteChar                  
0000c58a  LcdWriteCommand               
0000cb0a  LcdWriteString                
00000022  P1DIR                         
00000025  P1IE                          
00000024  P1IES                         
00000023  P1IFG                         
00000020  P1IN                          
00000021  P1OUT                         
00000027  P1REN                         
00000026  P1SEL                         
00000041  P1SEL2                        
0000002a  P2DIR                         
0000002d  P2IE                          
0000002c  P2IES                         
0000002b  P2IFG                         
00000028  P2IN                          
00000029  P2OUT                         
0000002f  P2REN                         
0000002e  P2SEL                         
00000042  P2SEL2                        
0000001a  P3DIR                         
00000018  P3IN                          
00000019  P3OUT                         
00000010  P3REN                         
0000001b  P3SEL                         
00000043  P3SEL2                        
00000172  TA0CCR0                       
00000174  TA0CCR1                       
00000176  TA0CCR2                       
00000162  TA0CCTL0                      
00000164  TA0CCTL1                      
00000166  TA0CCTL2                      
00000160  TA0CTL                        
0000012e  TA0IV                         
00000170  TA0R                          
00000192  TA1CCR0                       
00000194  TA1CCR1                       
00000196  TA1CCR2                       
00000182  TA1CCTL0                      
00000184  TA1CCTL1                      
00000186  TA1CCTL2                      
00000180  TA1CTL                        
0000011e  TA1IV                         
00000190  TA1R                          
000010db  TLV_ADC10_1_LEN               
000010da  TLV_ADC10_1_TAG               
000010c0  TLV_CHECKSUM                  
000010f7  TLV_DCO_30_LEN                
000010f6  TLV_DCO_30_TAG                
0000005d  UCA0ABCTL                     
00000062  UCA0BR0                       
00000063  UCA0BR1                       
00000060  UCA0CTL0                      
00000061  UCA0CTL1                      
0000005f  UCA0IRRCTL                    
0000005e  UCA0IRTCTL                    
00000064  UCA0MCTL                      
00000066  UCA0RXBUF                     
00000065  UCA0STAT                      
00000067  UCA0TXBUF                     
0000006a  UCB0BR0                       
0000006b  UCB0BR1                       
00000068  UCB0CTL0                      
00000069  UCB0CTL1                      
0000006c  UCB0I2CIE                     
00000118  UCB0I2COA                     
0000011a  UCB0I2CSA                     
0000006e  UCB0RXBUF                     
0000006d  UCB0STAT                      
0000006f  UCB0TXBUF                     
0000ca72  USCIAB0TX_ISR                 
00000120  WDTCTL                        
00000400  __STACK_END                   
00000050  __STACK_SIZE                  
0000cce6  __TI_CINIT_Base               
0000ccee  __TI_CINIT_Limit              
0000ccee  __TI_CINIT_Warm               
0000ccdc  __TI_Handler_Table_Base       
0000cce2  __TI_Handler_Table_Limit      
0000cc0e  __TI_ISR_TRAP                 
0000c8ce  __TI_auto_init_nobinit_nopinit
0000c68a  __TI_decompress_lzss          
0000cb86  __TI_decompress_none          
0000ffe0  __TI_int00                    
0000ffe4  __TI_int02                    
0000ffe6  __TI_int03                    
0000ffea  __TI_int05                    
0000ffec  __TI_int06                    
0000ffee  __TI_int07                    
0000fff0  __TI_int08                    
0000fff2  __TI_int09                    
0000fff4  __TI_int10                    
0000fff6  __TI_int11                    
0000fff8  __TI_int12                    
0000fffa  __TI_int13                    
0000fffc  __TI_int14                    
ffffffff  __TI_pprof_out_hndl           
0000c300  __TI_printfi_minimal          
ffffffff  __TI_prof_data_size           
ffffffff  __TI_prof_data_start          
0000cb4a  __TI_zero_init_nomemset       
ffffffff  __c_args__                    
0000cb20  __mspabi_divu                 
0000cbe6  __mspabi_func_epilog_1        
0000cbe4  __mspabi_func_epilog_2        
0000cbe2  __mspabi_func_epilog_3        
0000cbe0  __mspabi_func_epilog_4        
0000cbde  __mspabi_func_epilog_5        
0000cbdc  __mspabi_func_epilog_6        
0000cbda  __mspabi_func_epilog_7        
0000cb72  __mspabi_mpyi                 
0000cb72  __mspabi_mpyi_sw              
0000cb20  __mspabi_remu                 
0000c980  __mspabi_slli                 
0000c9a8  __mspabi_slli_1               
0000c996  __mspabi_slli_10              
0000c994  __mspabi_slli_11              
0000c992  __mspabi_slli_12              
0000c990  __mspabi_slli_13              
0000c98e  __mspabi_slli_14              
0000c98c  __mspabi_slli_15              
0000c9a6  __mspabi_slli_2               
0000c9a4  __mspabi_slli_3               
0000c9a2  __mspabi_slli_4               
0000c9a0  __mspabi_slli_5               
0000c99e  __mspabi_slli_6               
0000c99c  __mspabi_slli_7               
0000c99a  __mspabi_slli_8               
0000c998  __mspabi_slli_9               
0000c882  __mspabi_srli                 
0000c8c8  __mspabi_srli_1               
0000c8a4  __mspabi_srli_10              
0000c8a0  __mspabi_srli_11              
0000c89c  __mspabi_srli_12              
0000c898  __mspabi_srli_13              
0000c894  __mspabi_srli_14              
0000c890  __mspabi_srli_15              
0000c8c4  __mspabi_srli_2               
0000c8c0  __mspabi_srli_3               
0000c8bc  __mspabi_srli_4               
0000c8b8  __mspabi_srli_5               
0000c8b4  __mspabi_srli_6               
0000c8b0  __mspabi_srli_7               
0000c8ac  __mspabi_srli_8               
0000c8a8  __mspabi_srli_9               
0000cad4  _c_int00_noargs               
0000fffe  _reset_vector                 
000003b0  _stack                        
0000cc20  _system_post_cinit            
0000cc1c  _system_pre_init              
0000cc16  abort                         
0000cc9a  blue                          
00000200  blue_colors_song1             
00000212  blue_colors_song2             
0000c116  button                        
000002be  button_press_detected         
000002bc  byteSent                      
000002e2  byteToTransmit                
0000c3ec  check_input                   
000002c0  current_note                  
000002c2  debounce_counter              
000002b4  end_frame                     
0000cca2  green                         
00000224  green_colors_song1            
00000236  green_colors_song2            
0000c9ac  init_board_communication      
0000ca00  init_buttons                  
000002c4  led1                          
000002c6  led2                          
000002c8  led3                          
000002ca  led4                          
000002cc  led5                          
0000c210  main                          
0000ca94  memccpy                       
0000cb98  memcpy                        
0000cb5e  memset                        
0000ccaa  orange                        
00000248  orange_colors_song1           
0000025a  orange_colors_song2           
0000cbaa  play_song1                    
0000cbba  play_song2                    
000002ce  ready_for_next                
0000ccb2  red                           
0000026c  red_colors_song1              
0000027e  red_colors_song2              
0000c9d6  rgb_init_spi                  
0000cbca  rgb_send_end                  
0000ca26  rgb_send_frame                
0000cbf8  rgb_send_start                
000002d0  score                         
0000ca4c  serial_init_spi               
0000c706  set_temperature               
0000c82c  snprintf                      
000002d2  song                          
000002b8  start_frame                   
000002d4  state                         
0000caf0  strcat                        
0000cbea  strlen                        
000002d6  strummer                      
000002d8  user_LED_1                    
000002da  user_LED_2                    
000002dc  user_LED_3                    
000002de  user_LED_4                    
000002e0  user_LED_5                    
0000ccba  yellow                        
00000290  yellow_colors_song1           
000002a2  yellow_colors_song2           


GLOBAL SYMBOLS: SORTED BY Symbol Address 

address   name                          
-------   ----                          
00000000  IE1                           
00000001  IE2                           
00000002  IFG1                          
00000003  IFG2                          
00000010  P3REN                         
00000018  P3IN                          
00000019  P3OUT                         
0000001a  P3DIR                         
0000001b  P3SEL                         
00000020  P1IN                          
00000021  P1OUT                         
00000022  P1DIR                         
00000023  P1IFG                         
00000024  P1IES                         
00000025  P1IE                          
00000026  P1SEL                         
00000027  P1REN                         
00000028  P2IN                          
00000029  P2OUT                         
0000002a  P2DIR                         
0000002b  P2IFG                         
0000002c  P2IES                         
0000002d  P2IE                          
0000002e  P2SEL                         
0000002f  P2REN                         
00000041  P1SEL2                        
00000042  P2SEL2                        
00000043  P3SEL2                        
00000048  ADC10DTC0                     
00000049  ADC10DTC1                     
0000004a  ADC10AE0                      
00000050  __STACK_SIZE                  
00000053  BCSCTL3                       
00000056  DCOCTL                        
00000057  BCSCTL1                       
00000058  BCSCTL2                       
00000059  CACTL1                        
0000005a  CACTL2                        
0000005b  CAPD                          
0000005d  UCA0ABCTL                     
0000005e  UCA0IRTCTL                    
0000005f  UCA0IRRCTL                    
00000060  UCA0CTL0                      
00000061  UCA0CTL1                      
00000062  UCA0BR0                       
00000063  UCA0BR1                       
00000064  UCA0MCTL                      
00000065  UCA0STAT                      
00000066  UCA0RXBUF                     
00000067  UCA0TXBUF                     
00000068  UCB0CTL0                      
00000069  UCB0CTL1                      
0000006a  UCB0BR0                       
0000006b  UCB0BR1                       
0000006c  UCB0I2CIE                     
0000006d  UCB0STAT                      
0000006e  UCB0RXBUF                     
0000006f  UCB0TXBUF                     
00000118  UCB0I2COA                     
0000011a  UCB0I2CSA                     
0000011e  TA1IV                         
00000120  WDTCTL                        
00000128  FCTL1                         
0000012a  FCTL2                         
0000012c  FCTL3                         
0000012e  TA0IV                         
00000160  TA0CTL                        
00000162  TA0CCTL0                      
00000164  TA0CCTL1                      
00000166  TA0CCTL2                      
00000170  TA0R                          
00000172  TA0CCR0                       
00000174  TA0CCR1                       
00000176  TA0CCR2                       
00000180  TA1CTL                        
00000182  TA1CCTL0                      
00000184  TA1CCTL1                      
00000186  TA1CCTL2                      
00000190  TA1R                          
00000192  TA1CCR0                       
00000194  TA1CCR1                       
00000196  TA1CCR2                       
000001b0  ADC10CTL0                     
000001b2  ADC10CTL1                     
000001b4  ADC10MEM                      
000001bc  ADC10SA                       
00000200  blue_colors_song1             
00000212  blue_colors_song2             
00000224  green_colors_song1            
00000236  green_colors_song2            
00000248  orange_colors_song1           
0000025a  orange_colors_song2           
0000026c  red_colors_song1              
0000027e  red_colors_song2              
00000290  yellow_colors_song1           
000002a2  yellow_colors_song2           
000002b4  end_frame                     
000002b8  start_frame                   
000002bc  byteSent                      
000002be  button_press_detected         
000002c0  current_note                  
000002c2  debounce_counter              
000002c4  led1                          
000002c6  led2                          
000002c8  led3                          
000002ca  led4                          
000002cc  led5                          
000002ce  ready_for_next                
000002d0  score                         
000002d2  song                          
000002d4  state                         
000002d6  strummer                      
000002d8  user_LED_1                    
000002da  user_LED_2                    
000002dc  user_LED_3                    
000002de  user_LED_4                    
000002e0  user_LED_5                    
000002e2  byteToTransmit                
000003b0  _stack                        
00000400  __STACK_END                   
000010c0  TLV_CHECKSUM                  
000010da  TLV_ADC10_1_TAG               
000010db  TLV_ADC10_1_LEN               
000010f6  TLV_DCO_30_TAG                
000010f7  TLV_DCO_30_LEN                
000010f8  CALDCO_16MHZ                  
000010f9  CALBC1_16MHZ                  
000010fa  CALDCO_12MHZ                  
000010fb  CALBC1_12MHZ                  
000010fc  CALDCO_8MHZ                   
000010fd  CALBC1_8MHZ                   
000010fe  CALDCO_1MHZ                   
000010ff  CALBC1_1MHZ                   
0000c116  button                        
0000c210  main                          
0000c300  __TI_printfi_minimal          
0000c3ec  check_input                   
0000c58a  LcdWriteCommand               
0000c60e  LcdWriteChar                  
0000c68a  __TI_decompress_lzss          
0000c706  set_temperature               
0000c76e  LcdInit                       
0000c7d4  LcdSetPosition                
0000c82c  snprintf                      
0000c882  __mspabi_srli                 
0000c890  __mspabi_srli_15              
0000c894  __mspabi_srli_14              
0000c898  __mspabi_srli_13              
0000c89c  __mspabi_srli_12              
0000c8a0  __mspabi_srli_11              
0000c8a4  __mspabi_srli_10              
0000c8a8  __mspabi_srli_9               
0000c8ac  __mspabi_srli_8               
0000c8b0  __mspabi_srli_7               
0000c8b4  __mspabi_srli_6               
0000c8b8  __mspabi_srli_5               
0000c8bc  __mspabi_srli_4               
0000c8c0  __mspabi_srli_3               
0000c8c4  __mspabi_srli_2               
0000c8c8  __mspabi_srli_1               
0000c8ce  __TI_auto_init_nobinit_nopinit
0000c910  I2cTransmitInit               
0000c980  __mspabi_slli                 
0000c98c  __mspabi_slli_15              
0000c98e  __mspabi_slli_14              
0000c990  __mspabi_slli_13              
0000c992  __mspabi_slli_12              
0000c994  __mspabi_slli_11              
0000c996  __mspabi_slli_10              
0000c998  __mspabi_slli_9               
0000c99a  __mspabi_slli_8               
0000c99c  __mspabi_slli_7               
0000c99e  __mspabi_slli_6               
0000c9a0  __mspabi_slli_5               
0000c9a2  __mspabi_slli_4               
0000c9a4  __mspabi_slli_3               
0000c9a6  __mspabi_slli_2               
0000c9a8  __mspabi_slli_1               
0000c9ac  init_board_communication      
0000c9d6  rgb_init_spi                  
0000ca00  init_buttons                  
0000ca26  rgb_send_frame                
0000ca4c  serial_init_spi               
0000ca72  USCIAB0TX_ISR                 
0000ca94  memccpy                       
0000cad4  _c_int00_noargs               
0000caf0  strcat                        
0000cb0a  LcdWriteString                
0000cb20  __mspabi_divu                 
0000cb20  __mspabi_remu                 
0000cb36  I2cTransmit                   
0000cb4a  __TI_zero_init_nomemset       
0000cb5e  memset                        
0000cb72  __mspabi_mpyi                 
0000cb72  __mspabi_mpyi_sw              
0000cb86  __TI_decompress_none          
0000cb98  memcpy                        
0000cbaa  play_song1                    
0000cbba  play_song2                    
0000cbca  rgb_send_end                  
0000cbda  __mspabi_func_epilog_7        
0000cbdc  __mspabi_func_epilog_6        
0000cbde  __mspabi_func_epilog_5        
0000cbe0  __mspabi_func_epilog_4        
0000cbe2  __mspabi_func_epilog_3        
0000cbe4  __mspabi_func_epilog_2        
0000cbe6  __mspabi_func_epilog_1        
0000cbea  strlen                        
0000cbf8  rgb_send_start                
0000cc04  I2cNotReady                   
0000cc0e  __TI_ISR_TRAP                 
0000cc16  C$$EXIT                       
0000cc16  abort                         
0000cc1c  _system_pre_init              
0000cc20  _system_post_cinit            
0000cc9a  blue                          
0000cca2  green                         
0000ccaa  orange                        
0000ccb2  red                           
0000ccba  yellow                        
0000ccdc  __TI_Handler_Table_Base       
0000cce2  __TI_Handler_Table_Limit      
0000cce6  __TI_CINIT_Base               
0000ccee  __TI_CINIT_Limit              
0000ccee  __TI_CINIT_Warm               
0000ffe0  __TI_int00                    
0000ffe4  __TI_int02                    
0000ffe6  __TI_int03                    
0000ffea  __TI_int05                    
0000ffec  __TI_int06                    
0000ffee  __TI_int07                    
0000fff0  __TI_int08                    
0000fff2  __TI_int09                    
0000fff4  __TI_int10                    
0000fff6  __TI_int11                    
0000fff8  __TI_int12                    
0000fffa  __TI_int13                    
0000fffc  __TI_int14                    
0000fffe  _reset_vector                 
ffffffff  __TI_pprof_out_hndl           
ffffffff  __TI_prof_data_size           
ffffffff  __TI_prof_data_start          
ffffffff  __c_args__                    

[243 symbols]
