******************************************************************************
                  MSP430 Linker PC v21.6.1                     
******************************************************************************
>> Linked Thu Apr 18 19:35:22 2024

OUTPUT FILE NAME:   <Board2.out>
ENTRY POINT SYMBOL: "_c_int00_noargs"  address: 0000c828


MEMORY CONFIGURATION

         name            origin    length      used     unused   attr    fill
----------------------  --------  ---------  --------  --------  ----  --------
  SFR                   00000000   00000010  00000000  00000010  RWIX
  PERIPHERALS_8BIT      00000010   000000f0  00000000  000000f0  RWIX
  PERIPHERALS_16BIT     00000100   00000100  00000000  00000100  RWIX
  RAM                   00000200   00000200  00000143  000000bd  RWIX
  INFOD                 00001000   00000040  00000000  00000040  RWIX
  INFOC                 00001040   00000040  00000000  00000040  RWIX
  INFOB                 00001080   00000040  00000000  00000040  RWIX
  INFOA                 000010c0   00000040  00000000  00000040  RWIX
  FLASH                 0000c000   00003fde  00000982  0000365c  RWIX
  BSLSIGNATURE          0000ffde   00000002  00000002  00000000  RWIX  ffff 
  INT00                 0000ffe0   00000002  00000002  00000000  RWIX
  INT01                 0000ffe2   00000002  00000000  00000002  RWIX
  INT02                 0000ffe4   00000002  00000002  00000000  RWIX
  INT03                 0000ffe6   00000002  00000002  00000000  RWIX
  INT04                 0000ffe8   00000002  00000000  00000002  RWIX
  INT05                 0000ffea   00000002  00000002  00000000  RWIX
  INT06                 0000ffec   00000002  00000002  00000000  RWIX
  INT07                 0000ffee   00000002  00000002  00000000  RWIX
  INT08                 0000fff0   00000002  00000002  00000000  RWIX
  INT09                 0000fff2   00000002  00000002  00000000  RWIX
  INT10                 0000fff4   00000002  00000002  00000000  RWIX
  INT11                 0000fff6   00000002  00000002  00000000  RWIX
  INT12                 0000fff8   00000002  00000002  00000000  RWIX
  INT13                 0000fffa   00000002  00000002  00000000  RWIX
  INT14                 0000fffc   00000002  00000002  00000000  RWIX
  RESET                 0000fffe   00000002  00000002  00000000  RWIX


SECTION ALLOCATION MAP

 output                                  attributes/
section   page    origin      length       input sections
--------  ----  ----------  ----------   ----------------
.data      0    00000200    00000093     UNINITIALIZED
                  00000200    00000012     main.obj (.data:blue_colors)
                  00000212    00000012     main.obj (.data:green_colors)
                  00000224    00000012     main.obj (.data:orange_colors)
                  00000236    00000012     main.obj (.data:red_colors)
                  00000248    00000012     main.obj (.data:songDuration)
                  0000025a    00000012     main.obj (.data:yellow_colors)
                  0000026c    0000000c     PlaySong.obj (.data:song1)
                  00000278    0000000a     PlaySong.obj (.data:stop)
                  00000282    00000006     main.obj (.data)
                  00000288    00000004     rgb_interface.obj (.data:end_frame)
                  0000028c    00000004     rgb_interface.obj (.data:start_frame)
                  00000290    00000003     PlaySong.obj (.data:enter)

.bss       0    00000294    00000060     UNINITIALIZED
                  00000294    00000002     (.common:b_led1)
                  00000296    00000002     (.common:b_led2)
                  00000298    00000002     (.common:b_led3)
                  0000029a    00000002     (.common:b_led4)
                  0000029c    00000002     (.common:b_led5)
                  0000029e    00000002     (.common:b_led6)
                  000002a0    00000002     (.common:b_led7)
                  000002a2    00000002     (.common:b_note_position)
                  000002a4    00000002     (.common:current_note)
                  000002a6    00000002     (.common:duration_position)
                  000002a8    00000002     (.common:g_led1)
                  000002aa    00000002     (.common:g_led2)
                  000002ac    00000002     (.common:g_led3)
                  000002ae    00000002     (.common:g_led4)
                  000002b0    00000002     (.common:g_led5)
                  000002b2    00000002     (.common:g_led6)
                  000002b4    00000002     (.common:g_led7)
                  000002b6    00000002     (.common:g_note_position)
                  000002b8    00000002     (.common:o_led1)
                  000002ba    00000002     (.common:o_led2)
                  000002bc    00000002     (.common:o_led3)
                  000002be    00000002     (.common:o_led4)
                  000002c0    00000002     (.common:o_led5)
                  000002c2    00000002     (.common:o_led6)
                  000002c4    00000002     (.common:o_led7)
                  000002c6    00000002     (.common:o_note_position)
                  000002c8    00000002     (.common:orange_next)
                  000002ca    00000002     (.common:play_song1)
                  000002cc    00000002     (.common:play_song2)
                  000002ce    00000002     (.common:r_led1)
                  000002d0    00000002     (.common:r_led2)
                  000002d2    00000002     (.common:r_led3)
                  000002d4    00000002     (.common:r_led4)
                  000002d6    00000002     (.common:r_led5)
                  000002d8    00000002     (.common:r_led6)
                  000002da    00000002     (.common:r_led7)
                  000002dc    00000002     (.common:r_note_position)
                  000002de    00000002     (.common:ready_for_next)
                  000002e0    00000002     (.common:shift_leds_flag)
                  000002e2    00000002     (.common:state)
                  000002e4    00000002     (.common:y_led1)
                  000002e6    00000002     (.common:y_led2)
                  000002e8    00000002     (.common:y_led3)
                  000002ea    00000002     (.common:y_led4)
                  000002ec    00000002     (.common:y_led5)
                  000002ee    00000002     (.common:y_led6)
                  000002f0    00000002     (.common:y_led7)
                  000002f2    00000002     (.common:y_note_position)

.stack     0    000003b0    00000050     UNINITIALIZED
                  000003b0    00000002     rts430_eabi.lib : boot.c.obj (.stack)
                  000003b2    0000004e     --HOLE--

.text      0    0000c000    0000090c     
                  0000c000    0000015c     main.obj (.text:shift_leds)
                  0000c15c    000000d0     main.obj (.text:next_note)
                  0000c22c    00000082     rgb_interface.obj (.text:set_blue)
                  0000c2ae    00000082     rgb_interface.obj (.text:set_green)
                  0000c330    00000082     rgb_interface.obj (.text:set_orange)
                  0000c3b2    00000082     rgb_interface.obj (.text:set_red)
                  0000c434    00000082     rgb_interface.obj (.text:set_yellow)
                  0000c4b6    00000080     main.obj (.text:main)
                  0000c536    0000007c     rts430_eabi.lib : copy_decompress_lzss.c.obj (.text:decompress:lzss:__TI_decompress_lzss)
                  0000c5b2    00000050     main.obj (.text:Timer_A)
                  0000c602    0000004c     rts430_eabi.lib : lsr16.asm.obj (.text)
                  0000c64e    00000048     main.obj (.text:playsong1)
                  0000c696    00000048     main.obj (.text:playsong2)
                  0000c6de    00000042     rts430_eabi.lib : autoinit.c.obj (.text:__TI_auto_init_nobinit_nopinit:__TI_auto_init_nobinit_nopinit)
                  0000c720    00000034     rgb_interface.obj (.text:PlaySound)
                  0000c754    00000032     PlaySong.obj (.text:MusicInit)
                  0000c786    0000002c     rts430_eabi.lib : lsl16.asm.obj (.text)
                  0000c7b2    0000002a     rgb_interface.obj (.text:rgb_init_spi)
                  0000c7dc    00000026     main.obj (.text:init_buttons)
                  0000c802    00000026     rgb_interface.obj (.text:rgb_send_frame)
                  0000c828    0000001c     rts430_eabi.lib : boot.c.obj (.text:_c_int00_noargs)
                  0000c844    00000016     PlaySong.obj (.text:PlaySong)
                  0000c85a    00000014     rts430_eabi.lib : copy_zero_init.c.obj (.text:decompress:ZI:__TI_zero_init_nomemset:__TI_zero_init_nomemset)
                  0000c86e    00000014     main.obj (.text:init_timerA)
                  0000c882    00000014     PlaySong.obj (.text:ser_output)
                  0000c896    00000012     PlaySong.obj (.text:StopSong)
                  0000c8a8    00000012     rts430_eabi.lib : copy_decompress_none.c.obj (.text:decompress:none:__TI_decompress_none)
                  0000c8ba    00000012                     : memcpy.c.obj (.text:memcpy)
                  0000c8cc    00000010     rgb_interface.obj (.text:rgb_send_end)
                  0000c8dc    00000010     rts430_eabi.lib : epilog.asm.obj (.text)
                  0000c8ec    0000000c     rgb_interface.obj (.text:rgb_send_start)
                  0000c8f8    00000008     rts430_eabi.lib : isr_trap.asm.obj (.text:_isr:__TI_ISR_TRAP)
                  0000c900    00000006                     : exit.c.obj (.text:abort)
                  0000c906    00000004                     : pre_init.c.obj (.text:_system_pre_init)
                  0000c90a    00000002                     : startup.c.obj (.text:_system_post_cinit)

.const     0    0000c90c    00000028     
                  0000c90c    00000008     rgb_interface.obj (.const:blue)
                  0000c914    00000008     rgb_interface.obj (.const:green)
                  0000c91c    00000008     rgb_interface.obj (.const:orange)
                  0000c924    00000008     rgb_interface.obj (.const:red)
                  0000c92c    00000008     rgb_interface.obj (.const:yellow)

.cinit     0    0000c934    0000004e     
                  0000c934    0000003c     (.cinit..data.load) [load image, compression = lzss]
                  0000c970    00000006     (__TI_handler_table)
                  0000c976    00000004     (.cinit..bss.load) [load image, compression = zero_init]
                  0000c97a    00000008     (__TI_cinit_table)

.binit     0    0000c000    00000000     

.init_array 
*          0    0000c000    00000000     UNINITIALIZED

TRAPINT    0    0000ffe0    00000002     
                  0000ffe0    00000002     rts430_eabi.lib : int00.asm.obj (.int00)

PORT1      0    0000ffe4    00000002     
                  0000ffe4    00000002     main.obj (.int02)

PORT2      0    0000ffe6    00000002     
                  0000ffe6    00000002     main.obj (.int03)

ADC10      0    0000ffea    00000002     
                  0000ffea    00000002     rts430_eabi.lib : int05.asm.obj (.int05)

USCIAB0TX 
*          0    0000ffec    00000002     
                  0000ffec    00000002     rts430_eabi.lib : int06.asm.obj (.int06)

USCIAB0RX 
*          0    0000ffee    00000002     
                  0000ffee    00000002     rts430_eabi.lib : int07.asm.obj (.int07)

TIMER0_A1 
*          0    0000fff0    00000002     
                  0000fff0    00000002     rts430_eabi.lib : int08.asm.obj (.int08)

TIMER0_A0 
*          0    0000fff2    00000002     
                  0000fff2    00000002     main.obj (.int09)

WDT        0    0000fff4    00000002     
                  0000fff4    00000002     rts430_eabi.lib : int10.asm.obj (.int10)

COMPARATORA 
*          0    0000fff6    00000002     
                  0000fff6    00000002     rts430_eabi.lib : int11.asm.obj (.int11)

TIMER1_A1 
*          0    0000fff8    00000002     
                  0000fff8    00000002     rts430_eabi.lib : int12.asm.obj (.int12)

TIMER1_A0 
*          0    0000fffa    00000002     
                  0000fffa    00000002     rts430_eabi.lib : int13.asm.obj (.int13)

NMI        0    0000fffc    00000002     
                  0000fffc    00000002     rts430_eabi.lib : int14.asm.obj (.int14)

.reset     0    0000fffe    00000002     
                  0000fffe    00000002     rts430_eabi.lib : boot.c.obj (.reset)

$fill000   0    0000ffde    00000002     
                  0000ffde    00000002     --HOLE-- [fill = ffff]

MODULE SUMMARY

       Module                       code   ro data   rw data
       ------                       ----   -------   -------
    .\
       main.obj                     966    6         208    
       rgb_interface.obj            810    40        10     
       PlaySong.obj                 110    0         25     
    +--+----------------------------+------+---------+---------+
       Total:                       1886   46        243    
                                                            
    C:\ti\ccs1250\ccs\tools\compiler\ti-cgt-msp430_21.6.1.LTS\lib\rts430_eabi.lib
       copy_decompress_lzss.c.obj   124    0         0      
       lsr16.asm.obj                76     0         0      
       autoinit.c.obj               66     0         0      
       lsl16.asm.obj                44     0         0      
       boot.c.obj                   28     2         0      
       copy_zero_init.c.obj         20     0         0      
       copy_decompress_none.c.obj   18     0         0      
       memcpy.c.obj                 18     0         0      
       epilog.asm.obj               16     0         0      
       isr_trap.asm.obj             8      0         0      
       exit.c.obj                   6      0         0      
       pre_init.c.obj               4      0         0      
       int00.asm.obj                0      2         0      
       int05.asm.obj                0      2         0      
       int06.asm.obj                0      2         0      
       int07.asm.obj                0      2         0      
       int08.asm.obj                0      2         0      
       int10.asm.obj                0      2         0      
       int11.asm.obj                0      2         0      
       int12.asm.obj                0      2         0      
       int13.asm.obj                0      2         0      
       int14.asm.obj                0      2         0      
       startup.c.obj                2      0         0      
    +--+----------------------------+------+---------+---------+
       Total:                       430    22        0      
                                                            
       Stack:                       0      0         80     
       Linker Generated:            0      78        0      
    +--+----------------------------+------+---------+---------+
       Grand Total:                 2316   146       323    


LINKER GENERATED COPY TABLES

__TI_cinit_table @ 0000c97a records: 2, size/record: 4, table size: 8
	.data: load addr=0000c934, load size=0000003c bytes, run addr=00000200, run size=00000093 bytes, compression=lzss
	.bss: load addr=0000c976, load size=00000004 bytes, run addr=00000294, run size=00000060 bytes, compression=zero_init


LINKER GENERATED HANDLER TABLE

__TI_handler_table @ 0000c970 records: 3, size/record: 2, table size: 6
	index: 0, handler: __TI_zero_init
	index: 1, handler: __TI_decompress_lzss
	index: 2, handler: __TI_decompress_none


GLOBAL SYMBOLS: SORTED ALPHABETICALLY BY Name 

address   name                          
-------   ----                          
0000004a  ADC10AE0                      
000001b0  ADC10CTL0                     
000001b2  ADC10CTL1                     
00000048  ADC10DTC0                     
00000049  ADC10DTC1                     
000001b4  ADC10MEM                      
000001bc  ADC10SA                       
00000057  BCSCTL1                       
00000058  BCSCTL2                       
00000053  BCSCTL3                       
0000c900  C$$EXIT                       
00000059  CACTL1                        
0000005a  CACTL2                        
000010fb  CALBC1_12MHZ                  
000010f9  CALBC1_16MHZ                  
000010ff  CALBC1_1MHZ                   
000010fd  CALBC1_8MHZ                   
000010fa  CALDCO_12MHZ                  
000010f8  CALDCO_16MHZ                  
000010fe  CALDCO_1MHZ                   
000010fc  CALDCO_8MHZ                   
0000005b  CAPD                          
00000056  DCOCTL                        
00000128  FCTL1                         
0000012a  FCTL2                         
0000012c  FCTL3                         
00000000  IE1                           
00000001  IE2                           
00000002  IFG1                          
00000003  IFG2                          
0000c754  MusicInit                     
00000022  P1DIR                         
00000025  P1IE                          
00000024  P1IES                         
00000023  P1IFG                         
00000020  P1IN                          
00000021  P1OUT                         
00000027  P1REN                         
00000026  P1SEL                         
00000041  P1SEL2                        
0000002a  P2DIR                         
0000002d  P2IE                          
0000002c  P2IES                         
0000002b  P2IFG                         
00000028  P2IN                          
00000029  P2OUT                         
0000002f  P2REN                         
0000002e  P2SEL                         
00000042  P2SEL2                        
0000001a  P3DIR                         
00000018  P3IN                          
00000019  P3OUT                         
00000010  P3REN                         
0000001b  P3SEL                         
00000043  P3SEL2                        
0000c844  PlaySong                      
0000c720  PlaySound                     
0000c896  StopSong                      
00000172  TA0CCR0                       
00000174  TA0CCR1                       
00000176  TA0CCR2                       
00000162  TA0CCTL0                      
00000164  TA0CCTL1                      
00000166  TA0CCTL2                      
00000160  TA0CTL                        
0000012e  TA0IV                         
00000170  TA0R                          
00000192  TA1CCR0                       
00000194  TA1CCR1                       
00000196  TA1CCR2                       
00000182  TA1CCTL0                      
00000184  TA1CCTL1                      
00000186  TA1CCTL2                      
00000180  TA1CTL                        
0000011e  TA1IV                         
00000190  TA1R                          
000010db  TLV_ADC10_1_LEN               
000010da  TLV_ADC10_1_TAG               
000010c0  TLV_CHECKSUM                  
000010f7  TLV_DCO_30_LEN                
000010f6  TLV_DCO_30_TAG                
0000c5b2  Timer_A                       
0000005d  UCA0ABCTL                     
00000062  UCA0BR0                       
00000063  UCA0BR1                       
00000060  UCA0CTL0                      
00000061  UCA0CTL1                      
0000005f  UCA0IRRCTL                    
0000005e  UCA0IRTCTL                    
00000064  UCA0MCTL                      
00000066  UCA0RXBUF                     
00000065  UCA0STAT                      
00000067  UCA0TXBUF                     
0000006a  UCB0BR0                       
0000006b  UCB0BR1                       
00000068  UCB0CTL0                      
00000069  UCB0CTL1                      
0000006c  UCB0I2CIE                     
00000118  UCB0I2COA                     
0000011a  UCB0I2CSA                     
0000006e  UCB0RXBUF                     
0000006d  UCB0STAT                      
0000006f  UCB0TXBUF                     
00000120  WDTCTL                        
00000400  __STACK_END                   
00000050  __STACK_SIZE                  
0000c97a  __TI_CINIT_Base               
0000c982  __TI_CINIT_Limit              
0000c982  __TI_CINIT_Warm               
0000c970  __TI_Handler_Table_Base       
0000c976  __TI_Handler_Table_Limit      
0000c8f8  __TI_ISR_TRAP                 
0000c6de  __TI_auto_init_nobinit_nopinit
0000c536  __TI_decompress_lzss          
0000c8a8  __TI_decompress_none          
0000ffe0  __TI_int00                    
0000ffe4  __TI_int02                    
0000ffe6  __TI_int03                    
0000ffea  __TI_int05                    
0000ffec  __TI_int06                    
0000ffee  __TI_int07                    
0000fff0  __TI_int08                    
0000fff2  __TI_int09                    
0000fff4  __TI_int10                    
0000fff6  __TI_int11                    
0000fff8  __TI_int12                    
0000fffa  __TI_int13                    
0000fffc  __TI_int14                    
ffffffff  __TI_pprof_out_hndl           
ffffffff  __TI_prof_data_size           
ffffffff  __TI_prof_data_start          
0000c85a  __TI_zero_init_nomemset       
ffffffff  __c_args__                    
0000c8e8  __mspabi_func_epilog_1        
0000c8e6  __mspabi_func_epilog_2        
0000c8e4  __mspabi_func_epilog_3        
0000c8e2  __mspabi_func_epilog_4        
0000c8e0  __mspabi_func_epilog_5        
0000c8de  __mspabi_func_epilog_6        
0000c8dc  __mspabi_func_epilog_7        
0000c786  __mspabi_slli                 
0000c7ae  __mspabi_slli_1               
0000c79c  __mspabi_slli_10              
0000c79a  __mspabi_slli_11              
0000c798  __mspabi_slli_12              
0000c796  __mspabi_slli_13              
0000c794  __mspabi_slli_14              
0000c792  __mspabi_slli_15              
0000c7ac  __mspabi_slli_2               
0000c7aa  __mspabi_slli_3               
0000c7a8  __mspabi_slli_4               
0000c7a6  __mspabi_slli_5               
0000c7a4  __mspabi_slli_6               
0000c7a2  __mspabi_slli_7               
0000c7a0  __mspabi_slli_8               
0000c79e  __mspabi_slli_9               
0000c602  __mspabi_srli                 
0000c648  __mspabi_srli_1               
0000c624  __mspabi_srli_10              
0000c620  __mspabi_srli_11              
0000c61c  __mspabi_srli_12              
0000c618  __mspabi_srli_13              
0000c614  __mspabi_srli_14              
0000c610  __mspabi_srli_15              
0000c644  __mspabi_srli_2               
0000c640  __mspabi_srli_3               
0000c63c  __mspabi_srli_4               
0000c638  __mspabi_srli_5               
0000c634  __mspabi_srli_6               
0000c630  __mspabi_srli_7               
0000c62c  __mspabi_srli_8               
0000c628  __mspabi_srli_9               
0000c828  _c_int00_noargs               
0000fffe  _reset_vector                 
000003b0  _stack                        
0000c90a  _system_post_cinit            
0000c906  _system_pre_init              
0000c900  abort                         
00000294  b_led1                        
00000296  b_led2                        
00000298  b_led3                        
0000029a  b_led4                        
0000029c  b_led5                        
0000029e  b_led6                        
000002a0  b_led7                        
000002a2  b_note_position               
0000c90c  blue                          
00000200  blue_colors                   
00000284  counter                       
000002a4  current_note                  
000002a6  duration_position             
00000288  end_frame                     
00000290  enter                         
000002a8  g_led1                        
000002aa  g_led2                        
000002ac  g_led3                        
000002ae  g_led4                        
000002b0  g_led5                        
000002b2  g_led6                        
000002b4  g_led7                        
000002b6  g_note_position               
0000c914  green                         
00000212  green_colors                  
0000c7dc  init_buttons                  
0000c86e  init_timerA                   
0000c4b6  main                          
0000c8ba  memcpy                        
00000286  next                          
0000c15c  next_note                     
000002b8  o_led1                        
000002ba  o_led2                        
000002bc  o_led3                        
000002be  o_led4                        
000002c0  o_led5                        
000002c2  o_led6                        
000002c4  o_led7                        
000002c6  o_note_position               
0000c91c  orange                        
00000224  orange_colors                 
000002c8  orange_next                   
000002ca  play_song1                    
000002cc  play_song2                    
0000c64e  playsong1                     
0000c696  playsong2                     
000002ce  r_led1                        
000002d0  r_led2                        
000002d2  r_led3                        
000002d4  r_led4                        
000002d6  r_led5                        
000002d8  r_led6                        
000002da  r_led7                        
000002dc  r_note_position               
000002de  ready_for_next                
0000c924  red                           
00000236  red_colors                    
0000c7b2  rgb_init_spi                  
0000c8cc  rgb_send_end                  
0000c802  rgb_send_frame                
0000c8ec  rgb_send_start                
0000c882  ser_output                    
0000c22c  set_blue                      
0000c2ae  set_green                     
0000c330  set_orange                    
0000c3b2  set_red                       
0000c434  set_yellow                    
0000c000  shift_leds                    
000002e0  shift_leds_flag               
0000026c  song1                         
00000248  songDuration                  
00000282  songLength                    
0000028c  start_frame                   
000002e2  state                         
00000278  stop                          
000002e4  y_led1                        
000002e6  y_led2                        
000002e8  y_led3                        
000002ea  y_led4                        
000002ec  y_led5                        
000002ee  y_led6                        
000002f0  y_led7                        
000002f2  y_note_position               
0000c92c  yellow                        
0000025a  yellow_colors                 


GLOBAL SYMBOLS: SORTED BY Symbol Address 

address   name                          
-------   ----                          
00000000  IE1                           
00000001  IE2                           
00000002  IFG1                          
00000003  IFG2                          
00000010  P3REN                         
00000018  P3IN                          
00000019  P3OUT                         
0000001a  P3DIR                         
0000001b  P3SEL                         
00000020  P1IN                          
00000021  P1OUT                         
00000022  P1DIR                         
00000023  P1IFG                         
00000024  P1IES                         
00000025  P1IE                          
00000026  P1SEL                         
00000027  P1REN                         
00000028  P2IN                          
00000029  P2OUT                         
0000002a  P2DIR                         
0000002b  P2IFG                         
0000002c  P2IES                         
0000002d  P2IE                          
0000002e  P2SEL                         
0000002f  P2REN                         
00000041  P1SEL2                        
00000042  P2SEL2                        
00000043  P3SEL2                        
00000048  ADC10DTC0                     
00000049  ADC10DTC1                     
0000004a  ADC10AE0                      
00000050  __STACK_SIZE                  
00000053  BCSCTL3                       
00000056  DCOCTL                        
00000057  BCSCTL1                       
00000058  BCSCTL2                       
00000059  CACTL1                        
0000005a  CACTL2                        
0000005b  CAPD                          
0000005d  UCA0ABCTL                     
0000005e  UCA0IRTCTL                    
0000005f  UCA0IRRCTL                    
00000060  UCA0CTL0                      
00000061  UCA0CTL1                      
00000062  UCA0BR0                       
00000063  UCA0BR1                       
00000064  UCA0MCTL                      
00000065  UCA0STAT                      
00000066  UCA0RXBUF                     
00000067  UCA0TXBUF                     
00000068  UCB0CTL0                      
00000069  UCB0CTL1                      
0000006a  UCB0BR0                       
0000006b  UCB0BR1                       
0000006c  UCB0I2CIE                     
0000006d  UCB0STAT                      
0000006e  UCB0RXBUF                     
0000006f  UCB0TXBUF                     
00000118  UCB0I2COA                     
0000011a  UCB0I2CSA                     
0000011e  TA1IV                         
00000120  WDTCTL                        
00000128  FCTL1                         
0000012a  FCTL2                         
0000012c  FCTL3                         
0000012e  TA0IV                         
00000160  TA0CTL                        
00000162  TA0CCTL0                      
00000164  TA0CCTL1                      
00000166  TA0CCTL2                      
00000170  TA0R                          
00000172  TA0CCR0                       
00000174  TA0CCR1                       
00000176  TA0CCR2                       
00000180  TA1CTL                        
00000182  TA1CCTL0                      
00000184  TA1CCTL1                      
00000186  TA1CCTL2                      
00000190  TA1R                          
00000192  TA1CCR0                       
00000194  TA1CCR1                       
00000196  TA1CCR2                       
000001b0  ADC10CTL0                     
000001b2  ADC10CTL1                     
000001b4  ADC10MEM                      
000001bc  ADC10SA                       
00000200  blue_colors                   
00000212  green_colors                  
00000224  orange_colors                 
00000236  red_colors                    
00000248  songDuration                  
0000025a  yellow_colors                 
0000026c  song1                         
00000278  stop                          
00000282  songLength                    
00000284  counter                       
00000286  next                          
00000288  end_frame                     
0000028c  start_frame                   
00000290  enter                         
00000294  b_led1                        
00000296  b_led2                        
00000298  b_led3                        
0000029a  b_led4                        
0000029c  b_led5                        
0000029e  b_led6                        
000002a0  b_led7                        
000002a2  b_note_position               
000002a4  current_note                  
000002a6  duration_position             
000002a8  g_led1                        
000002aa  g_led2                        
000002ac  g_led3                        
000002ae  g_led4                        
000002b0  g_led5                        
000002b2  g_led6                        
000002b4  g_led7                        
000002b6  g_note_position               
000002b8  o_led1                        
000002ba  o_led2                        
000002bc  o_led3                        
000002be  o_led4                        
000002c0  o_led5                        
000002c2  o_led6                        
000002c4  o_led7                        
000002c6  o_note_position               
000002c8  orange_next                   
000002ca  play_song1                    
000002cc  play_song2                    
000002ce  r_led1                        
000002d0  r_led2                        
000002d2  r_led3                        
000002d4  r_led4                        
000002d6  r_led5                        
000002d8  r_led6                        
000002da  r_led7                        
000002dc  r_note_position               
000002de  ready_for_next                
000002e0  shift_leds_flag               
000002e2  state                         
000002e4  y_led1                        
000002e6  y_led2                        
000002e8  y_led3                        
000002ea  y_led4                        
000002ec  y_led5                        
000002ee  y_led6                        
000002f0  y_led7                        
000002f2  y_note_position               
000003b0  _stack                        
00000400  __STACK_END                   
000010c0  TLV_CHECKSUM                  
000010da  TLV_ADC10_1_TAG               
000010db  TLV_ADC10_1_LEN               
000010f6  TLV_DCO_30_TAG                
000010f7  TLV_DCO_30_LEN                
000010f8  CALDCO_16MHZ                  
000010f9  CALBC1_16MHZ                  
000010fa  CALDCO_12MHZ                  
000010fb  CALBC1_12MHZ                  
000010fc  CALDCO_8MHZ                   
000010fd  CALBC1_8MHZ                   
000010fe  CALDCO_1MHZ                   
000010ff  CALBC1_1MHZ                   
0000c000  shift_leds                    
0000c15c  next_note                     
0000c22c  set_blue                      
0000c2ae  set_green                     
0000c330  set_orange                    
0000c3b2  set_red                       
0000c434  set_yellow                    
0000c4b6  main                          
0000c536  __TI_decompress_lzss          
0000c5b2  Timer_A                       
0000c602  __mspabi_srli                 
0000c610  __mspabi_srli_15              
0000c614  __mspabi_srli_14              
0000c618  __mspabi_srli_13              
0000c61c  __mspabi_srli_12              
0000c620  __mspabi_srli_11              
0000c624  __mspabi_srli_10              
0000c628  __mspabi_srli_9               
0000c62c  __mspabi_srli_8               
0000c630  __mspabi_srli_7               
0000c634  __mspabi_srli_6               
0000c638  __mspabi_srli_5               
0000c63c  __mspabi_srli_4               
0000c640  __mspabi_srli_3               
0000c644  __mspabi_srli_2               
0000c648  __mspabi_srli_1               
0000c64e  playsong1                     
0000c696  playsong2                     
0000c6de  __TI_auto_init_nobinit_nopinit
0000c720  PlaySound                     
0000c754  MusicInit                     
0000c786  __mspabi_slli                 
0000c792  __mspabi_slli_15              
0000c794  __mspabi_slli_14              
0000c796  __mspabi_slli_13              
0000c798  __mspabi_slli_12              
0000c79a  __mspabi_slli_11              
0000c79c  __mspabi_slli_10              
0000c79e  __mspabi_slli_9               
0000c7a0  __mspabi_slli_8               
0000c7a2  __mspabi_slli_7               
0000c7a4  __mspabi_slli_6               
0000c7a6  __mspabi_slli_5               
0000c7a8  __mspabi_slli_4               
0000c7aa  __mspabi_slli_3               
0000c7ac  __mspabi_slli_2               
0000c7ae  __mspabi_slli_1               
0000c7b2  rgb_init_spi                  
0000c7dc  init_buttons                  
0000c802  rgb_send_frame                
0000c828  _c_int00_noargs               
0000c844  PlaySong                      
0000c85a  __TI_zero_init_nomemset       
0000c86e  init_timerA                   
0000c882  ser_output                    
0000c896  StopSong                      
0000c8a8  __TI_decompress_none          
0000c8ba  memcpy                        
0000c8cc  rgb_send_end                  
0000c8dc  __mspabi_func_epilog_7        
0000c8de  __mspabi_func_epilog_6        
0000c8e0  __mspabi_func_epilog_5        
0000c8e2  __mspabi_func_epilog_4        
0000c8e4  __mspabi_func_epilog_3        
0000c8e6  __mspabi_func_epilog_2        
0000c8e8  __mspabi_func_epilog_1        
0000c8ec  rgb_send_start                
0000c8f8  __TI_ISR_TRAP                 
0000c900  C$$EXIT                       
0000c900  abort                         
0000c906  _system_pre_init              
0000c90a  _system_post_cinit            
0000c90c  blue                          
0000c914  green                         
0000c91c  orange                        
0000c924  red                           
0000c92c  yellow                        
0000c970  __TI_Handler_Table_Base       
0000c976  __TI_Handler_Table_Limit      
0000c97a  __TI_CINIT_Base               
0000c982  __TI_CINIT_Limit              
0000c982  __TI_CINIT_Warm               
0000ffe0  __TI_int00                    
0000ffe4  __TI_int02                    
0000ffe6  __TI_int03                    
0000ffea  __TI_int05                    
0000ffec  __TI_int06                    
0000ffee  __TI_int07                    
0000fff0  __TI_int08                    
0000fff2  __TI_int09                    
0000fff4  __TI_int10                    
0000fff6  __TI_int11                    
0000fff8  __TI_int12                    
0000fffa  __TI_int13                    
0000fffc  __TI_int14                    
0000fffe  _reset_vector                 
ffffffff  __TI_pprof_out_hndl           
ffffffff  __TI_prof_data_size           
ffffffff  __TI_prof_data_start          
ffffffff  __c_args__                    

[263 symbols]
