******************************************************************************
                  MSP430 Linker PC v21.6.1                     
******************************************************************************
>> Linked Wed Apr 24 15:01:11 2024

OUTPUT FILE NAME:   <board_1.out>
ENTRY POINT SYMBOL: "_c_int00_noargs"  address: 0000cb4a


MEMORY CONFIGURATION

         name            origin    length      used     unused   attr    fill
----------------------  --------  ---------  --------  --------  ----  --------
  SFR                   00000000   00000010  00000000  00000010  RWIX
  PERIPHERALS_8BIT      00000010   000000f0  00000000  000000f0  RWIX
  PERIPHERALS_16BIT     00000100   00000100  00000000  00000100  RWIX
  RAM                   00000200   00000200  00000075  0000018b  RWIX
  INFOD                 00001000   00000040  00000000  00000040  RWIX
  INFOC                 00001040   00000040  00000000  00000040  RWIX
  INFOB                 00001080   00000040  00000000  00000040  RWIX
  INFOA                 000010c0   00000040  00000000  00000040  RWIX
  FLASH                 0000c000   00003fde  00000d8a  00003254  RWIX
  BSLSIGNATURE          0000ffde   00000002  00000002  00000000  RWIX  ffff 
  INT00                 0000ffe0   00000002  00000002  00000000  RWIX
  INT01                 0000ffe2   00000002  00000000  00000002  RWIX
  INT02                 0000ffe4   00000002  00000002  00000000  RWIX
  INT03                 0000ffe6   00000002  00000002  00000000  RWIX
  INT04                 0000ffe8   00000002  00000000  00000002  RWIX
  INT05                 0000ffea   00000002  00000002  00000000  RWIX
  INT06                 0000ffec   00000002  00000002  00000000  RWIX
  INT07                 0000ffee   00000002  00000002  00000000  RWIX
  INT08                 0000fff0   00000002  00000002  00000000  RWIX
  INT09                 0000fff2   00000002  00000002  00000000  RWIX
  INT10                 0000fff4   00000002  00000002  00000000  RWIX
  INT11                 0000fff6   00000002  00000002  00000000  RWIX
  INT12                 0000fff8   00000002  00000002  00000000  RWIX
  INT13                 0000fffa   00000002  00000002  00000000  RWIX
  INT14                 0000fffc   00000002  00000002  00000000  RWIX
  RESET                 0000fffe   00000002  00000002  00000000  RWIX


SECTION ALLOCATION MAP

 output                                  attributes/
section   page    origin      length       input sections
--------  ----  ----------  ----------   ----------------
.data      0    00000000    00000371     FAILED TO ALLOCATE
.bss       0    00000200    00000025     UNINITIALIZED
                  00000200    00000002     (.common:button_press_detected)
                  00000202    00000002     (.common:current_note)
                  00000204    00000002     (.common:debounce_counter)
                  00000206    00000002     (.common:led1)
                  00000208    00000002     (.common:led2)
                  0000020a    00000002     (.common:led3)
                  0000020c    00000002     (.common:led4)
                  0000020e    00000002     (.common:led5)
                  00000210    00000002     (.common:ready_for_next)
                  00000212    00000002     (.common:score)
                  00000214    00000002     (.common:song)
                  00000216    00000002     (.common:state)
                  00000218    00000002     (.common:strummer)
                  0000021a    00000002     (.common:user_LED_1)
                  0000021c    00000002     (.common:user_LED_2)
                  0000021e    00000002     (.common:user_LED_3)
                  00000220    00000002     (.common:user_LED_4)
                  00000222    00000002     (.common:user_LED_5)
                  00000224    00000001     (.common:byteToTransmit)

.stack     0    000003b0    00000050     UNINITIALIZED
                  000003b0    00000002     rts430_eabi.lib : boot.c.obj (.stack)
                  000003b2    0000004e     --HOLE--

.text      0    0000c000    00000c98     
                  0000c000    00000188     main.obj (.text:main)
                  0000c188    00000116     rts430_eabi.lib : _printfi.c.obj (.text:__TI_printfi_minimal:_setfield___TI_printfi_minimal)
                  0000c29e    0000010e     main.obj (.text:button)
                  0000c3ac    000000ec     rts430_eabi.lib : _printfi.c.obj (.text:__TI_printfi_minimal:__TI_printfi_minimal)
                  0000c498    000000ca                     : _printfi.c.obj (.text:__TI_printfi_minimal:_pproc_diouxp___TI_printfi_minimal)
                  0000c562    000000c4     main.obj (.text:check_input)
                  0000c626    00000084     lcd.obj (.text:LcdWriteCommand)
                  0000c6aa    0000007c     lcd.obj (.text:LcdWriteChar)
                  0000c726    0000007c     rts430_eabi.lib : copy_decompress_lzss.c.obj (.text:decompress:lzss:__TI_decompress_lzss)
                  0000c7a2    00000068     rgb_interface_user.obj (.text:set_temperature)
                  0000c80a    00000066     lcd.obj (.text:LcdInit)
                  0000c870    00000058     lcd.obj (.text:LcdSetPosition)
                  0000c8c8    00000056     rts430_eabi.lib : snprintf.c.obj (.text:snprintf)
                  0000c91e    0000004c                     : lsr16.asm.obj (.text)
                  0000c96a    00000042                     : autoinit.c.obj (.text:__TI_auto_init_nobinit_nopinit:__TI_auto_init_nobinit_nopinit)
                  0000c9ac    0000003a     i2c.obj (.text:I2cTransmitInit)
                  0000c9e6    00000036     rts430_eabi.lib : snprintf.c.obj (.text:_outs)
                  0000ca1c    0000002c                     : lsl16.asm.obj (.text)
                  0000ca48    0000002a     main.obj (.text:init_board_communication)
                  0000ca72    0000002a     rgb_interface_user.obj (.text:rgb_init_spi)
                  0000ca9c    00000026     main.obj (.text:init_buttons)
                  0000cac2    00000026     rgb_interface_user.obj (.text:rgb_send_frame)
                  0000cae8    00000022     i2c.obj (.text:USCIAB0TX_ISR)
                  0000cb0a    00000022     rts430_eabi.lib : memccpy.c.obj (.text:memccpy)
                  0000cb2c    0000001e                     : snprintf.c.obj (.text:_outc)
                  0000cb4a    0000001c                     : boot.c.obj (.text:_c_int00_noargs)
                  0000cb66    0000001a                     : strcat.c.obj (.text:strcat)
                  0000cb80    00000016     lcd.obj (.text:LcdWriteString)
                  0000cb96    00000016     rts430_eabi.lib : div16u.asm.obj (.text)
                  0000cbac    00000014     i2c.obj (.text:I2cTransmit)
                  0000cbc0    00000014     rts430_eabi.lib : copy_zero_init.c.obj (.text:decompress:ZI:__TI_zero_init_nomemset:__TI_zero_init_nomemset)
                  0000cbd4    00000014                     : memset.c.obj (.text:memset)
                  0000cbe8    00000014                     : mult16.asm.obj (.text)
                  0000cbfc    00000012                     : copy_decompress_none.c.obj (.text:decompress:none:__TI_decompress_none)
                  0000cc0e    00000012                     : memcpy.c.obj (.text:memcpy)
                  0000cc20    00000010     main.obj (.text:play_song1)
                  0000cc30    00000010     main.obj (.text:play_song2)
                  0000cc40    00000010     rgb_interface_user.obj (.text:rgb_send_end)
                  0000cc50    00000010     rts430_eabi.lib : epilog.asm.obj (.text)
                  0000cc60    0000000e                     : strlen.c.obj (.text:strlen)
                  0000cc6e    0000000c     rgb_interface_user.obj (.text:rgb_send_start)
                  0000cc7a    0000000a     i2c.obj (.text:I2cNotReady)
                  0000cc84    00000008     rts430_eabi.lib : isr_trap.asm.obj (.text:_isr:__TI_ISR_TRAP)
                  0000cc8c    00000006                     : exit.c.obj (.text:abort)
                  0000cc92    00000004                     : pre_init.c.obj (.text:_system_pre_init)
                  0000cc96    00000002                     : startup.c.obj (.text:_system_post_cinit)

.const     0    0000cc98    000000bc     
                  0000cc98    0000006e     main.obj (.const:.string)
                  0000cd06    00000026     rts430_eabi.lib : _printfi.c.obj (.const:.string)
                  0000cd2c    00000008     rgb_interface_user.obj (.const:blue)
                  0000cd34    00000008     rgb_interface_user.obj (.const:green)
                  0000cd3c    00000008     rgb_interface_user.obj (.const:orange)
                  0000cd44    00000008     rgb_interface_user.obj (.const:red)
                  0000cd4c    00000008     rgb_interface_user.obj (.const:yellow)

.cinit     0    0000cd54    00000036     
                  0000cd54    00000024     (.cinit..data.load) [load image, compression = lzss]
                  0000cd78    00000006     (__TI_handler_table)
                  0000cd7e    00000004     (.cinit..bss.load) [load image, compression = zero_init]
                  0000cd82    00000008     (__TI_cinit_table)

.binit     0    0000c000    00000000     

.init_array 
*          0    0000c000    00000000     UNINITIALIZED

TRAPINT    0    0000ffe0    00000002     
                  0000ffe0    00000002     rts430_eabi.lib : int00.asm.obj (.int00)

PORT1      0    0000ffe4    00000002     
                  0000ffe4    00000002     rts430_eabi.lib : int02.asm.obj (.int02)

PORT2      0    0000ffe6    00000002     
                  0000ffe6    00000002     main.obj (.int03)

ADC10      0    0000ffea    00000002     
                  0000ffea    00000002     rts430_eabi.lib : int05.asm.obj (.int05)

USCIAB0TX 
*          0    0000ffec    00000002     
                  0000ffec    00000002     i2c.obj (.int06)

USCIAB0RX 
*          0    0000ffee    00000002     
                  0000ffee    00000002     rts430_eabi.lib : int07.asm.obj (.int07)

TIMER0_A1 
*          0    0000fff0    00000002     
                  0000fff0    00000002     rts430_eabi.lib : int08.asm.obj (.int08)

TIMER0_A0 
*          0    0000fff2    00000002     
                  0000fff2    00000002     rts430_eabi.lib : int09.asm.obj (.int09)

WDT        0    0000fff4    00000002     
                  0000fff4    00000002     rts430_eabi.lib : int10.asm.obj (.int10)

COMPARATORA 
*          0    0000fff6    00000002     
                  0000fff6    00000002     rts430_eabi.lib : int11.asm.obj (.int11)

TIMER1_A1 
*          0    0000fff8    00000002     
                  0000fff8    00000002     rts430_eabi.lib : int12.asm.obj (.int12)

TIMER1_A0 
*          0    0000fffa    00000002     
                  0000fffa    00000002     rts430_eabi.lib : int13.asm.obj (.int13)

NMI        0    0000fffc    00000002     
                  0000fffc    00000002     rts430_eabi.lib : int14.asm.obj (.int14)

.reset     0    0000fffe    00000002     
                  0000fffe    00000002     rts430_eabi.lib : boot.c.obj (.reset)

$fill000   0    0000ffde    00000002     
                  0000ffde    00000002     --HOLE-- [fill = ffff]

MODULE SUMMARY

       Module                       code   ro data   rw data
       ------                       ----   -------   -------
    .\
       main.obj                     970    112       34     
       lcd.obj                      468    0         0      
       rgb_interface_user.obj       212    40        2      
       i2c.obj                      122    2         1      
    +--+----------------------------+------+---------+---------+
       Total:                       1772   154       37     
                                                            
    C:\ti\ccs1260\ccs\tools\compiler\ti-cgt-msp430_21.6.1.LTS\lib\rts430_eabi.lib
       _printfi.c.obj               716    38        0      
       snprintf.c.obj               170    0         0      
       copy_decompress_lzss.c.obj   124    0         0      
       lsr16.asm.obj                76     0         0      
       autoinit.c.obj               66     0         0      
       lsl16.asm.obj                44     0         0      
       memccpy.c.obj                34     0         0      
       boot.c.obj                   28     2         0      
       strcat.c.obj                 26     0         0      
       div16u.asm.obj               22     0         0      
       copy_zero_init.c.obj         20     0         0      
       memset.c.obj                 20     0         0      
       mult16.asm.obj               20     0         0      
       copy_decompress_none.c.obj   18     0         0      
       memcpy.c.obj                 18     0         0      
       epilog.asm.obj               16     0         0      
       strlen.c.obj                 14     0         0      
       isr_trap.asm.obj             8      0         0      
       exit.c.obj                   6      0         0      
       pre_init.c.obj               4      0         0      
       int00.asm.obj                0      2         0      
       int02.asm.obj                0      2         0      
       int05.asm.obj                0      2         0      
       int07.asm.obj                0      2         0      
       int08.asm.obj                0      2         0      
       int09.asm.obj                0      2         0      
       int10.asm.obj                0      2         0      
       int11.asm.obj                0      2         0      
       int12.asm.obj                0      2         0      
       int13.asm.obj                0      2         0      
       int14.asm.obj                0      2         0      
       startup.c.obj                2      0         0      
    +--+----------------------------+------+---------+---------+
       Total:                       1452   62        0      
                                                            
       Stack:                       0      0         80     
       Linker Generated:            0      54        0      
    +--+----------------------------+------+---------+---------+
       Grand Total:                 3224   270       117    


LINKER GENERATED COPY TABLES

__TI_cinit_table @ 0000cd82 records: 2, size/record: 4, table size: 8
	.data: load addr=0000cd54, load size=00000024 bytes, run addr=00000000, run size=00000371 bytes, compression=lzss
	.bss: load addr=0000cd7e, load size=00000004 bytes, run addr=00000200, run size=00000025 bytes, compression=zero_init


LINKER GENERATED HANDLER TABLE

__TI_handler_table @ 0000cd78 records: 3, size/record: 2, table size: 6
	index: 0, handler: __TI_zero_init
	index: 1, handler: __TI_decompress_lzss
	index: 2, handler: __TI_decompress_none


GLOBAL SYMBOLS: SORTED ALPHABETICALLY BY Name 

address   name                          
-------   ----                          
0000004a  ADC10AE0                      
000001b0  ADC10CTL0                     
000001b2  ADC10CTL1                     
00000048  ADC10DTC0                     
00000049  ADC10DTC1                     
000001b4  ADC10MEM                      
000001bc  ADC10SA                       
00000057  BCSCTL1                       
00000058  BCSCTL2                       
00000053  BCSCTL3                       
0000cc8c  C$$EXIT                       
00000059  CACTL1                        
0000005a  CACTL2                        
000010fb  CALBC1_12MHZ                  
000010f9  CALBC1_16MHZ                  
000010ff  CALBC1_1MHZ                   
000010fd  CALBC1_8MHZ                   
000010fa  CALDCO_12MHZ                  
000010f8  CALDCO_16MHZ                  
000010fe  CALDCO_1MHZ                   
000010fc  CALDCO_8MHZ                   
0000005b  CAPD                          
00000056  DCOCTL                        
00000128  FCTL1                         
0000012a  FCTL2                         
0000012c  FCTL3                         
0000cc7a  I2cNotReady                   
0000cbac  I2cTransmit                   
0000c9ac  I2cTransmitInit               
00000000  IE1                           
00000001  IE2                           
00000002  IFG1                          
00000003  IFG2                          
0000c80a  LcdInit                       
0000c870  LcdSetPosition                
0000c6aa  LcdWriteChar                  
0000c626  LcdWriteCommand               
0000cb80  LcdWriteString                
00000022  P1DIR                         
00000025  P1IE                          
00000024  P1IES                         
00000023  P1IFG                         
00000020  P1IN                          
00000021  P1OUT                         
00000027  P1REN                         
00000026  P1SEL                         
00000041  P1SEL2                        
0000002a  P2DIR                         
0000002d  P2IE                          
0000002c  P2IES                         
0000002b  P2IFG                         
00000028  P2IN                          
00000029  P2OUT                         
0000002f  P2REN                         
0000002e  P2SEL                         
00000042  P2SEL2                        
0000001a  P3DIR                         
00000018  P3IN                          
00000019  P3OUT                         
00000010  P3REN                         
0000001b  P3SEL                         
00000043  P3SEL2                        
00000172  TA0CCR0                       
00000174  TA0CCR1                       
00000176  TA0CCR2                       
00000162  TA0CCTL0                      
00000164  TA0CCTL1                      
00000166  TA0CCTL2                      
00000160  TA0CTL                        
0000012e  TA0IV                         
00000170  TA0R                          
00000192  TA1CCR0                       
00000194  TA1CCR1                       
00000196  TA1CCR2                       
00000182  TA1CCTL0                      
00000184  TA1CCTL1                      
00000186  TA1CCTL2                      
00000180  TA1CTL                        
0000011e  TA1IV                         
00000190  TA1R                          
000010db  TLV_ADC10_1_LEN               
000010da  TLV_ADC10_1_TAG               
000010c0  TLV_CHECKSUM                  
000010f7  TLV_DCO_30_LEN                
000010f6  TLV_DCO_30_TAG                
0000005d  UCA0ABCTL                     
00000062  UCA0BR0                       
00000063  UCA0BR1                       
00000060  UCA0CTL0                      
00000061  UCA0CTL1                      
0000005f  UCA0IRRCTL                    
0000005e  UCA0IRTCTL                    
00000064  UCA0MCTL                      
00000066  UCA0RXBUF                     
00000065  UCA0STAT                      
00000067  UCA0TXBUF                     
0000006a  UCB0BR0                       
0000006b  UCB0BR1                       
00000068  UCB0CTL0                      
00000069  UCB0CTL1                      
0000006c  UCB0I2CIE                     
00000118  UCB0I2COA                     
0000011a  UCB0I2CSA                     
0000006e  UCB0RXBUF                     
0000006d  UCB0STAT                      
0000006f  UCB0TXBUF                     
0000cae8  USCIAB0TX_ISR                 
00000120  WDTCTL                        
00000400  __STACK_END                   
00000050  __STACK_SIZE                  
0000cd82  __TI_CINIT_Base               
0000cd8a  __TI_CINIT_Limit              
0000cd8a  __TI_CINIT_Warm               
0000cd78  __TI_Handler_Table_Base       
0000cd7e  __TI_Handler_Table_Limit      
0000cc84  __TI_ISR_TRAP                 
0000c96a  __TI_auto_init_nobinit_nopinit
0000c726  __TI_decompress_lzss          
0000cbfc  __TI_decompress_none          
0000ffe0  __TI_int00                    
0000ffe4  __TI_int02                    
0000ffe6  __TI_int03                    
0000ffea  __TI_int05                    
0000ffec  __TI_int06                    
0000ffee  __TI_int07                    
0000fff0  __TI_int08                    
0000fff2  __TI_int09                    
0000fff4  __TI_int10                    
0000fff6  __TI_int11                    
0000fff8  __TI_int12                    
0000fffa  __TI_int13                    
0000fffc  __TI_int14                    
ffffffff  __TI_pprof_out_hndl           
0000c3ac  __TI_printfi_minimal          
ffffffff  __TI_prof_data_size           
ffffffff  __TI_prof_data_start          
0000cbc0  __TI_zero_init_nomemset       
ffffffff  __c_args__                    
0000cb96  __mspabi_divu                 
0000cc5c  __mspabi_func_epilog_1        
0000cc5a  __mspabi_func_epilog_2        
0000cc58  __mspabi_func_epilog_3        
0000cc56  __mspabi_func_epilog_4        
0000cc54  __mspabi_func_epilog_5        
0000cc52  __mspabi_func_epilog_6        
0000cc50  __mspabi_func_epilog_7        
0000cbe8  __mspabi_mpyi                 
0000cbe8  __mspabi_mpyi_sw              
0000cb96  __mspabi_remu                 
0000ca1c  __mspabi_slli                 
0000ca44  __mspabi_slli_1               
0000ca32  __mspabi_slli_10              
0000ca30  __mspabi_slli_11              
0000ca2e  __mspabi_slli_12              
0000ca2c  __mspabi_slli_13              
0000ca2a  __mspabi_slli_14              
0000ca28  __mspabi_slli_15              
0000ca42  __mspabi_slli_2               
0000ca40  __mspabi_slli_3               
0000ca3e  __mspabi_slli_4               
0000ca3c  __mspabi_slli_5               
0000ca3a  __mspabi_slli_6               
0000ca38  __mspabi_slli_7               
0000ca36  __mspabi_slli_8               
0000ca34  __mspabi_slli_9               
0000c91e  __mspabi_srli                 
0000c964  __mspabi_srli_1               
0000c940  __mspabi_srli_10              
0000c93c  __mspabi_srli_11              
0000c938  __mspabi_srli_12              
0000c934  __mspabi_srli_13              
0000c930  __mspabi_srli_14              
0000c92c  __mspabi_srli_15              
0000c960  __mspabi_srli_2               
0000c95c  __mspabi_srli_3               
0000c958  __mspabi_srli_4               
0000c954  __mspabi_srli_5               
0000c950  __mspabi_srli_6               
0000c94c  __mspabi_srli_7               
0000c948  __mspabi_srli_8               
0000c944  __mspabi_srli_9               
0000cb4a  _c_int00_noargs               
0000fffe  _reset_vector                 
000003b0  _stack                        
0000cc96  _system_post_cinit            
0000cc92  _system_pre_init              
0000cc8c  abort                         
0000cd2c  blue                          
00000000  blue_colors_song1             
00000320  blue_colors_song2             
0000c29e  button                        
00000200  button_press_detected         
00000370  byteSent                      
00000224  byteToTransmit                
0000c562  check_input                   
00000202  current_note                  
00000204  debounce_counter              
00000368  end_frame                     
0000cd34  green                         
000000c8  green_colors_song1            
00000332  green_colors_song2            
0000ca48  init_board_communication      
0000ca9c  init_buttons                  
00000206  led1                          
00000208  led2                          
0000020a  led3                          
0000020c  led4                          
0000020e  led5                          
0000c000  main                          
0000cb0a  memccpy                       
0000cc0e  memcpy                        
0000cbd4  memset                        
0000cd3c  orange                        
0000cc20  play_song1                    
0000cc30  play_song2                    
00000210  ready_for_next                
0000cd44  red                           
00000190  red_colors_song1              
00000344  red_colors_song2              
0000ca72  rgb_init_spi                  
0000cc40  rgb_send_end                  
0000cac2  rgb_send_frame                
0000cc6e  rgb_send_start                
00000212  score                         
0000c7a2  set_temperature               
0000c8c8  snprintf                      
00000214  song                          
0000036c  start_frame                   
00000216  state                         
0000cb66  strcat                        
0000cc60  strlen                        
00000218  strummer                      
0000021a  user_LED_1                    
0000021c  user_LED_2                    
0000021e  user_LED_3                    
00000220  user_LED_4                    
00000222  user_LED_5                    
0000cd4c  yellow                        
00000258  yellow_colors_song1           
00000356  yellow_colors_song2           


GLOBAL SYMBOLS: SORTED BY Symbol Address 

address   name                          
-------   ----                          
00000000  IE1                           
00000000  blue_colors_song1             
00000001  IE2                           
00000002  IFG1                          
00000003  IFG2                          
00000010  P3REN                         
00000018  P3IN                          
00000019  P3OUT                         
0000001a  P3DIR                         
0000001b  P3SEL                         
00000020  P1IN                          
00000021  P1OUT                         
00000022  P1DIR                         
00000023  P1IFG                         
00000024  P1IES                         
00000025  P1IE                          
00000026  P1SEL                         
00000027  P1REN                         
00000028  P2IN                          
00000029  P2OUT                         
0000002a  P2DIR                         
0000002b  P2IFG                         
0000002c  P2IES                         
0000002d  P2IE                          
0000002e  P2SEL                         
0000002f  P2REN                         
00000041  P1SEL2                        
00000042  P2SEL2                        
00000043  P3SEL2                        
00000048  ADC10DTC0                     
00000049  ADC10DTC1                     
0000004a  ADC10AE0                      
00000050  __STACK_SIZE                  
00000053  BCSCTL3                       
00000056  DCOCTL                        
00000057  BCSCTL1                       
00000058  BCSCTL2                       
00000059  CACTL1                        
0000005a  CACTL2                        
0000005b  CAPD                          
0000005d  UCA0ABCTL                     
0000005e  UCA0IRTCTL                    
0000005f  UCA0IRRCTL                    
00000060  UCA0CTL0                      
00000061  UCA0CTL1                      
00000062  UCA0BR0                       
00000063  UCA0BR1                       
00000064  UCA0MCTL                      
00000065  UCA0STAT                      
00000066  UCA0RXBUF                     
00000067  UCA0TXBUF                     
00000068  UCB0CTL0                      
00000069  UCB0CTL1                      
0000006a  UCB0BR0                       
0000006b  UCB0BR1                       
0000006c  UCB0I2CIE                     
0000006d  UCB0STAT                      
0000006e  UCB0RXBUF                     
0000006f  UCB0TXBUF                     
000000c8  green_colors_song1            
00000118  UCB0I2COA                     
0000011a  UCB0I2CSA                     
0000011e  TA1IV                         
00000120  WDTCTL                        
00000128  FCTL1                         
0000012a  FCTL2                         
0000012c  FCTL3                         
0000012e  TA0IV                         
00000160  TA0CTL                        
00000162  TA0CCTL0                      
00000164  TA0CCTL1                      
00000166  TA0CCTL2                      
00000170  TA0R                          
00000172  TA0CCR0                       
00000174  TA0CCR1                       
00000176  TA0CCR2                       
00000180  TA1CTL                        
00000182  TA1CCTL0                      
00000184  TA1CCTL1                      
00000186  TA1CCTL2                      
00000190  TA1R                          
00000190  red_colors_song1              
00000192  TA1CCR0                       
00000194  TA1CCR1                       
00000196  TA1CCR2                       
000001b0  ADC10CTL0                     
000001b2  ADC10CTL1                     
000001b4  ADC10MEM                      
000001bc  ADC10SA                       
00000200  button_press_detected         
00000202  current_note                  
00000204  debounce_counter              
00000206  led1                          
00000208  led2                          
0000020a  led3                          
0000020c  led4                          
0000020e  led5                          
00000210  ready_for_next                
00000212  score                         
00000214  song                          
00000216  state                         
00000218  strummer                      
0000021a  user_LED_1                    
0000021c  user_LED_2                    
0000021e  user_LED_3                    
00000220  user_LED_4                    
00000222  user_LED_5                    
00000224  byteToTransmit                
00000258  yellow_colors_song1           
00000320  blue_colors_song2             
00000332  green_colors_song2            
00000344  red_colors_song2              
00000356  yellow_colors_song2           
00000368  end_frame                     
0000036c  start_frame                   
00000370  byteSent                      
000003b0  _stack                        
00000400  __STACK_END                   
000010c0  TLV_CHECKSUM                  
000010da  TLV_ADC10_1_TAG               
000010db  TLV_ADC10_1_LEN               
000010f6  TLV_DCO_30_TAG                
000010f7  TLV_DCO_30_LEN                
000010f8  CALDCO_16MHZ                  
000010f9  CALBC1_16MHZ                  
000010fa  CALDCO_12MHZ                  
000010fb  CALBC1_12MHZ                  
000010fc  CALDCO_8MHZ                   
000010fd  CALBC1_8MHZ                   
000010fe  CALDCO_1MHZ                   
000010ff  CALBC1_1MHZ                   
0000c000  main                          
0000c29e  button                        
0000c3ac  __TI_printfi_minimal          
0000c562  check_input                   
0000c626  LcdWriteCommand               
0000c6aa  LcdWriteChar                  
0000c726  __TI_decompress_lzss          
0000c7a2  set_temperature               
0000c80a  LcdInit                       
0000c870  LcdSetPosition                
0000c8c8  snprintf                      
0000c91e  __mspabi_srli                 
0000c92c  __mspabi_srli_15              
0000c930  __mspabi_srli_14              
0000c934  __mspabi_srli_13              
0000c938  __mspabi_srli_12              
0000c93c  __mspabi_srli_11              
0000c940  __mspabi_srli_10              
0000c944  __mspabi_srli_9               
0000c948  __mspabi_srli_8               
0000c94c  __mspabi_srli_7               
0000c950  __mspabi_srli_6               
0000c954  __mspabi_srli_5               
0000c958  __mspabi_srli_4               
0000c95c  __mspabi_srli_3               
0000c960  __mspabi_srli_2               
0000c964  __mspabi_srli_1               
0000c96a  __TI_auto_init_nobinit_nopinit
0000c9ac  I2cTransmitInit               
0000ca1c  __mspabi_slli                 
0000ca28  __mspabi_slli_15              
0000ca2a  __mspabi_slli_14              
0000ca2c  __mspabi_slli_13              
0000ca2e  __mspabi_slli_12              
0000ca30  __mspabi_slli_11              
0000ca32  __mspabi_slli_10              
0000ca34  __mspabi_slli_9               
0000ca36  __mspabi_slli_8               
0000ca38  __mspabi_slli_7               
0000ca3a  __mspabi_slli_6               
0000ca3c  __mspabi_slli_5               
0000ca3e  __mspabi_slli_4               
0000ca40  __mspabi_slli_3               
0000ca42  __mspabi_slli_2               
0000ca44  __mspabi_slli_1               
0000ca48  init_board_communication      
0000ca72  rgb_init_spi                  
0000ca9c  init_buttons                  
0000cac2  rgb_send_frame                
0000cae8  USCIAB0TX_ISR                 
0000cb0a  memccpy                       
0000cb4a  _c_int00_noargs               
0000cb66  strcat                        
0000cb80  LcdWriteString                
0000cb96  __mspabi_divu                 
0000cb96  __mspabi_remu                 
0000cbac  I2cTransmit                   
0000cbc0  __TI_zero_init_nomemset       
0000cbd4  memset                        
0000cbe8  __mspabi_mpyi                 
0000cbe8  __mspabi_mpyi_sw              
0000cbfc  __TI_decompress_none          
0000cc0e  memcpy                        
0000cc20  play_song1                    
0000cc30  play_song2                    
0000cc40  rgb_send_end                  
0000cc50  __mspabi_func_epilog_7        
0000cc52  __mspabi_func_epilog_6        
0000cc54  __mspabi_func_epilog_5        
0000cc56  __mspabi_func_epilog_4        
0000cc58  __mspabi_func_epilog_3        
0000cc5a  __mspabi_func_epilog_2        
0000cc5c  __mspabi_func_epilog_1        
0000cc60  strlen                        
0000cc6e  rgb_send_start                
0000cc7a  I2cNotReady                   
0000cc84  __TI_ISR_TRAP                 
0000cc8c  C$$EXIT                       
0000cc8c  abort                         
0000cc92  _system_pre_init              
0000cc96  _system_post_cinit            
0000cd2c  blue                          
0000cd34  green                         
0000cd3c  orange                        
0000cd44  red                           
0000cd4c  yellow                        
0000cd78  __TI_Handler_Table_Base       
0000cd7e  __TI_Handler_Table_Limit      
0000cd82  __TI_CINIT_Base               
0000cd8a  __TI_CINIT_Limit              
0000cd8a  __TI_CINIT_Warm               
0000ffe0  __TI_int00                    
0000ffe4  __TI_int02                    
0000ffe6  __TI_int03                    
0000ffea  __TI_int05                    
0000ffec  __TI_int06                    
0000ffee  __TI_int07                    
0000fff0  __TI_int08                    
0000fff2  __TI_int09                    
0000fff4  __TI_int10                    
0000fff6  __TI_int11                    
0000fff8  __TI_int12                    
0000fffa  __TI_int13                    
0000fffc  __TI_int14                    
0000fffe  _reset_vector                 
ffffffff  __TI_pprof_out_hndl           
ffffffff  __TI_prof_data_size           
ffffffff  __TI_prof_data_start          
ffffffff  __c_args__                    

[240 symbols]
