******************************************************************************
                  MSP430 Linker PC v21.6.1                     
******************************************************************************
>> Linked Wed Apr 24 16:28:27 2024

OUTPUT FILE NAME:   <proto_board_1.out>
ENTRY POINT SYMBOL: "_c_int00_noargs"  address: 0000cc48


MEMORY CONFIGURATION

         name            origin    length      used     unused   attr    fill
----------------------  --------  ---------  --------  --------  ----  --------
  SFR                   00000000   00000010  00000000  00000010  RWIX
  PERIPHERALS_8BIT      00000010   000000f0  00000000  000000f0  RWIX
  PERIPHERALS_16BIT     00000100   00000100  00000000  00000100  RWIX
  RAM                   00000200   00000200  0000006a  00000196  RWIX
  INFOD                 00001000   00000040  00000000  00000040  RWIX
  INFOC                 00001040   00000040  00000000  00000040  RWIX
  INFOB                 00001080   00000040  00000000  00000040  RWIX
  INFOA                 000010c0   00000040  00000000  00000040  RWIX
  FLASH                 0000c000   00003fde  00001338  00002ca6  RWIX
  BSLSIGNATURE          0000ffde   00000002  00000002  00000000  RWIX  ffff 
  INT00                 0000ffe0   00000002  00000002  00000000  RWIX
  INT01                 0000ffe2   00000002  00000000  00000002  RWIX
  INT02                 0000ffe4   00000002  00000002  00000000  RWIX
  INT03                 0000ffe6   00000002  00000002  00000000  RWIX
  INT04                 0000ffe8   00000002  00000000  00000002  RWIX
  INT05                 0000ffea   00000002  00000002  00000000  RWIX
  INT06                 0000ffec   00000002  00000002  00000000  RWIX
  INT07                 0000ffee   00000002  00000002  00000000  RWIX
  INT08                 0000fff0   00000002  00000002  00000000  RWIX
  INT09                 0000fff2   00000002  00000002  00000000  RWIX
  INT10                 0000fff4   00000002  00000002  00000000  RWIX
  INT11                 0000fff6   00000002  00000002  00000000  RWIX
  INT12                 0000fff8   00000002  00000002  00000000  RWIX
  INT13                 0000fffa   00000002  00000002  00000000  RWIX
  INT14                 0000fffc   00000002  00000002  00000000  RWIX
  RESET                 0000fffe   00000002  00000002  00000000  RWIX


SECTION ALLOCATION MAP

 output                                  attributes/
section   page    origin      length       input sections
--------  ----  ----------  ----------   ----------------
.bss       0    00000200    00000019     UNINITIALIZED
                  00000200    00000002     (.common:button_press_detected)
                  00000202    00000002     (.common:curr_note)
                  00000204    00000002     (.common:current_note)
                  00000206    00000002     (.common:debounce_counter)
                  00000208    00000002     (.common:score)
                  0000020a    00000002     (.common:song)
                  0000020c    00000002     (.common:state)
                  0000020e    00000002     (.common:strummer)
                  00000210    00000002     (.common:user_LED_1)
                  00000212    00000002     (.common:user_LED_2)
                  00000214    00000002     (.common:user_LED_3)
                  00000216    00000002     (.common:user_LED_4)
                  00000218    00000001     (.common:byteToTransmit)

.data      0    00000219    00000001     UNINITIALIZED
                  00000219    00000001     i2c.obj (.data)

.stack     0    000003b0    00000050     UNINITIALIZED
                  000003b0    00000002     rts430_eabi.lib : boot.c.obj (.stack)
                  000003b2    0000004e     --HOLE--

.text      0    0000c000    00000d7a     
                  0000c000    00000268     main.obj (.text:check_input)
                  0000c268    00000170     main.obj (.text:main)
                  0000c3d8    00000116     rts430_eabi.lib : _printfi.c.obj (.text:__TI_printfi_minimal:_setfield___TI_printfi_minimal)
                  0000c4ee    0000010e     main.obj (.text:button)
                  0000c5fc    000000ec     rts430_eabi.lib : _printfi.c.obj (.text:__TI_printfi_minimal:__TI_printfi_minimal)
                  0000c6e8    000000ca                     : _printfi.c.obj (.text:__TI_printfi_minimal:_pproc_diouxp___TI_printfi_minimal)
                  0000c7b2    00000084     lcd.obj (.text:LcdWriteCommand)
                  0000c836    0000007c     lcd.obj (.text:LcdWriteChar)
                  0000c8b2    0000007c     rts430_eabi.lib : copy_decompress_lzss.c.obj (.text:decompress:lzss:__TI_decompress_lzss)
                  0000c92e    00000066     lcd.obj (.text:LcdInit)
                  0000c994    00000058     lcd.obj (.text:LcdSetPosition)
                  0000c9ec    00000056     rts430_eabi.lib : snprintf.c.obj (.text:snprintf)
                  0000ca42    0000004c                     : lsr16.asm.obj (.text)
                  0000ca8e    00000042                     : autoinit.c.obj (.text:__TI_auto_init_nobinit_nopinit:__TI_auto_init_nobinit_nopinit)
                  0000cad0    0000003a     i2c.obj (.text:I2cTransmitInit)
                  0000cb0a    00000036     rts430_eabi.lib : snprintf.c.obj (.text:_outs)
                  0000cb40    0000002c                     : lsl16.asm.obj (.text)
                  0000cb6c    0000002a     main.obj (.text:init_board_communication)
                  0000cb96    0000002a     rgb_interface_user.obj (.text:rgb_init_spi)
                  0000cbc0    00000026     main.obj (.text:init_buttons)
                  0000cbe6    00000022     i2c.obj (.text:USCIAB0TX_ISR)
                  0000cc08    00000022     rts430_eabi.lib : memccpy.c.obj (.text:memccpy)
                  0000cc2a    0000001e                     : snprintf.c.obj (.text:_outc)
                  0000cc48    0000001c                     : boot.c.obj (.text:_c_int00_noargs)
                  0000cc64    0000001a                     : strcat.c.obj (.text:strcat)
                  0000cc7e    00000016     lcd.obj (.text:LcdWriteString)
                  0000cc94    00000016     rts430_eabi.lib : div16u.asm.obj (.text)
                  0000ccaa    00000014     i2c.obj (.text:I2cTransmit)
                  0000ccbe    00000014     rts430_eabi.lib : copy_zero_init.c.obj (.text:decompress:ZI:__TI_zero_init_nomemset:__TI_zero_init_nomemset)
                  0000ccd2    00000014                     : memset.c.obj (.text:memset)
                  0000cce6    00000014                     : mult16.asm.obj (.text)
                  0000ccfa    00000012                     : copy_decompress_none.c.obj (.text:decompress:none:__TI_decompress_none)
                  0000cd0c    00000012                     : memcpy.c.obj (.text:memcpy)
                  0000cd1e    00000010     main.obj (.text:play_song1)
                  0000cd2e    00000010     main.obj (.text:play_song2)
                  0000cd3e    00000010     rts430_eabi.lib : epilog.asm.obj (.text)
                  0000cd4e    0000000e                     : strlen.c.obj (.text:strlen)
                  0000cd5c    0000000a     i2c.obj (.text:I2cNotReady)
                  0000cd66    00000008     rts430_eabi.lib : isr_trap.asm.obj (.text:_isr:__TI_ISR_TRAP)
                  0000cd6e    00000006                     : exit.c.obj (.text:abort)
                  0000cd74    00000004                     : pre_init.c.obj (.text:_system_pre_init)
                  0000cd78    00000002                     : startup.c.obj (.text:_system_post_cinit)

.const     0    0000cd7a    000005a6     
                  0000cd7a    00000512     main.obj (.const:song1)
                  0000d28c    0000006e     main.obj (.const:.string)
                  0000d2fa    00000026     rts430_eabi.lib : _printfi.c.obj (.const:.string)

.cinit     0    0000d320    00000018     
                  0000d320    00000006     (__TI_handler_table)
                  0000d326    00000005     (.cinit..data.load) [load image]
                  0000d32b    00000001     --HOLE-- [fill = 0]
                  0000d32c    00000004     (.cinit..bss.load) [load image, compression = zero_init]
                  0000d330    00000008     (__TI_cinit_table)

.binit     0    0000c000    00000000     

.init_array 
*          0    0000c000    00000000     UNINITIALIZED

TRAPINT    0    0000ffe0    00000002     
                  0000ffe0    00000002     rts430_eabi.lib : int00.asm.obj (.int00)

PORT1      0    0000ffe4    00000002     
                  0000ffe4    00000002     rts430_eabi.lib : int02.asm.obj (.int02)

PORT2      0    0000ffe6    00000002     
                  0000ffe6    00000002     main.obj (.int03)

ADC10      0    0000ffea    00000002     
                  0000ffea    00000002     rts430_eabi.lib : int05.asm.obj (.int05)

USCIAB0TX 
*          0    0000ffec    00000002     
                  0000ffec    00000002     i2c.obj (.int06)

USCIAB0RX 
*          0    0000ffee    00000002     
                  0000ffee    00000002     rts430_eabi.lib : int07.asm.obj (.int07)

TIMER0_A1 
*          0    0000fff0    00000002     
                  0000fff0    00000002     rts430_eabi.lib : int08.asm.obj (.int08)

TIMER0_A0 
*          0    0000fff2    00000002     
                  0000fff2    00000002     rts430_eabi.lib : int09.asm.obj (.int09)

WDT        0    0000fff4    00000002     
                  0000fff4    00000002     rts430_eabi.lib : int10.asm.obj (.int10)

COMPARATORA 
*          0    0000fff6    00000002     
                  0000fff6    00000002     rts430_eabi.lib : int11.asm.obj (.int11)

TIMER1_A1 
*          0    0000fff8    00000002     
                  0000fff8    00000002     rts430_eabi.lib : int12.asm.obj (.int12)

TIMER1_A0 
*          0    0000fffa    00000002     
                  0000fffa    00000002     rts430_eabi.lib : int13.asm.obj (.int13)

NMI        0    0000fffc    00000002     
                  0000fffc    00000002     rts430_eabi.lib : int14.asm.obj (.int14)

.reset     0    0000fffe    00000002     
                  0000fffe    00000002     rts430_eabi.lib : boot.c.obj (.reset)

$fill000   0    0000ffde    00000002     
                  0000ffde    00000002     --HOLE-- [fill = ffff]

MODULE SUMMARY

       Module                       code   ro data   rw data
       ------                       ----   -------   -------
    .\
       main.obj                     1366   1410      24     
       lcd.obj                      468    0         0      
       i2c.obj                      122    2         2      
       rgb_interface_user.obj       42     0         0      
    +--+----------------------------+------+---------+---------+
       Total:                       1998   1412      26     
                                                            
    C:\ti\ccs1260\ccs\tools\compiler\ti-cgt-msp430_21.6.1.LTS\lib\rts430_eabi.lib
       _printfi.c.obj               716    38        0      
       snprintf.c.obj               170    0         0      
       copy_decompress_lzss.c.obj   124    0         0      
       lsr16.asm.obj                76     0         0      
       autoinit.c.obj               66     0         0      
       lsl16.asm.obj                44     0         0      
       memccpy.c.obj                34     0         0      
       boot.c.obj                   28     2         0      
       strcat.c.obj                 26     0         0      
       div16u.asm.obj               22     0         0      
       copy_zero_init.c.obj         20     0         0      
       memset.c.obj                 20     0         0      
       mult16.asm.obj               20     0         0      
       copy_decompress_none.c.obj   18     0         0      
       memcpy.c.obj                 18     0         0      
       epilog.asm.obj               16     0         0      
       strlen.c.obj                 14     0         0      
       isr_trap.asm.obj             8      0         0      
       exit.c.obj                   6      0         0      
       pre_init.c.obj               4      0         0      
       int00.asm.obj                0      2         0      
       int02.asm.obj                0      2         0      
       int05.asm.obj                0      2         0      
       int07.asm.obj                0      2         0      
       int08.asm.obj                0      2         0      
       int09.asm.obj                0      2         0      
       int10.asm.obj                0      2         0      
       int11.asm.obj                0      2         0      
       int12.asm.obj                0      2         0      
       int13.asm.obj                0      2         0      
       int14.asm.obj                0      2         0      
       startup.c.obj                2      0         0      
    +--+----------------------------+------+---------+---------+
       Total:                       1452   62        0      
                                                            
       Stack:                       0      0         80     
       Linker Generated:            0      23        0      
    +--+----------------------------+------+---------+---------+
       Grand Total:                 3450   1497      106    


LINKER GENERATED COPY TABLES

__TI_cinit_table @ 0000d330 records: 2, size/record: 4, table size: 8
	.data: load addr=0000d326, load size=00000005 bytes, run addr=00000219, run size=00000001 bytes, compression=copy
	.bss: load addr=0000d32c, load size=00000004 bytes, run addr=00000200, run size=00000019 bytes, compression=zero_init


LINKER GENERATED HANDLER TABLE

__TI_handler_table @ 0000d320 records: 3, size/record: 2, table size: 6
	index: 0, handler: __TI_zero_init
	index: 1, handler: __TI_decompress_lzss
	index: 2, handler: __TI_decompress_none


GLOBAL SYMBOLS: SORTED ALPHABETICALLY BY Name 

address   name                          
-------   ----                          
0000004a  ADC10AE0                      
000001b0  ADC10CTL0                     
000001b2  ADC10CTL1                     
00000048  ADC10DTC0                     
00000049  ADC10DTC1                     
000001b4  ADC10MEM                      
000001bc  ADC10SA                       
00000057  BCSCTL1                       
00000058  BCSCTL2                       
00000053  BCSCTL3                       
0000cd6e  C$$EXIT                       
00000059  CACTL1                        
0000005a  CACTL2                        
000010fb  CALBC1_12MHZ                  
000010f9  CALBC1_16MHZ                  
000010ff  CALBC1_1MHZ                   
000010fd  CALBC1_8MHZ                   
000010fa  CALDCO_12MHZ                  
000010f8  CALDCO_16MHZ                  
000010fe  CALDCO_1MHZ                   
000010fc  CALDCO_8MHZ                   
0000005b  CAPD                          
00000056  DCOCTL                        
00000128  FCTL1                         
0000012a  FCTL2                         
0000012c  FCTL3                         
0000cd5c  I2cNotReady                   
0000ccaa  I2cTransmit                   
0000cad0  I2cTransmitInit               
00000000  IE1                           
00000001  IE2                           
00000002  IFG1                          
00000003  IFG2                          
0000c92e  LcdInit                       
0000c994  LcdSetPosition                
0000c836  LcdWriteChar                  
0000c7b2  LcdWriteCommand               
0000cc7e  LcdWriteString                
00000022  P1DIR                         
00000025  P1IE                          
00000024  P1IES                         
00000023  P1IFG                         
00000020  P1IN                          
00000021  P1OUT                         
00000027  P1REN                         
00000026  P1SEL                         
00000041  P1SEL2                        
0000002a  P2DIR                         
0000002d  P2IE                          
0000002c  P2IES                         
0000002b  P2IFG                         
00000028  P2IN                          
00000029  P2OUT                         
0000002f  P2REN                         
0000002e  P2SEL                         
00000042  P2SEL2                        
0000001a  P3DIR                         
00000018  P3IN                          
00000019  P3OUT                         
00000010  P3REN                         
0000001b  P3SEL                         
00000043  P3SEL2                        
00000172  TA0CCR0                       
00000174  TA0CCR1                       
00000176  TA0CCR2                       
00000162  TA0CCTL0                      
00000164  TA0CCTL1                      
00000166  TA0CCTL2                      
00000160  TA0CTL                        
0000012e  TA0IV                         
00000170  TA0R                          
00000192  TA1CCR0                       
00000194  TA1CCR1                       
00000196  TA1CCR2                       
00000182  TA1CCTL0                      
00000184  TA1CCTL1                      
00000186  TA1CCTL2                      
00000180  TA1CTL                        
0000011e  TA1IV                         
00000190  TA1R                          
000010db  TLV_ADC10_1_LEN               
000010da  TLV_ADC10_1_TAG               
000010c0  TLV_CHECKSUM                  
000010f7  TLV_DCO_30_LEN                
000010f6  TLV_DCO_30_TAG                
0000005d  UCA0ABCTL                     
00000062  UCA0BR0                       
00000063  UCA0BR1                       
00000060  UCA0CTL0                      
00000061  UCA0CTL1                      
0000005f  UCA0IRRCTL                    
0000005e  UCA0IRTCTL                    
00000064  UCA0MCTL                      
00000066  UCA0RXBUF                     
00000065  UCA0STAT                      
00000067  UCA0TXBUF                     
0000006a  UCB0BR0                       
0000006b  UCB0BR1                       
00000068  UCB0CTL0                      
00000069  UCB0CTL1                      
0000006c  UCB0I2CIE                     
00000118  UCB0I2COA                     
0000011a  UCB0I2CSA                     
0000006e  UCB0RXBUF                     
0000006d  UCB0STAT                      
0000006f  UCB0TXBUF                     
0000cbe6  USCIAB0TX_ISR                 
00000120  WDTCTL                        
00000400  __STACK_END                   
00000050  __STACK_SIZE                  
0000d330  __TI_CINIT_Base               
0000d338  __TI_CINIT_Limit              
0000d338  __TI_CINIT_Warm               
0000d320  __TI_Handler_Table_Base       
0000d326  __TI_Handler_Table_Limit      
0000cd66  __TI_ISR_TRAP                 
0000ca8e  __TI_auto_init_nobinit_nopinit
0000c8b2  __TI_decompress_lzss          
0000ccfa  __TI_decompress_none          
0000ffe0  __TI_int00                    
0000ffe4  __TI_int02                    
0000ffe6  __TI_int03                    
0000ffea  __TI_int05                    
0000ffec  __TI_int06                    
0000ffee  __TI_int07                    
0000fff0  __TI_int08                    
0000fff2  __TI_int09                    
0000fff4  __TI_int10                    
0000fff6  __TI_int11                    
0000fff8  __TI_int12                    
0000fffa  __TI_int13                    
0000fffc  __TI_int14                    
ffffffff  __TI_pprof_out_hndl           
0000c5fc  __TI_printfi_minimal          
ffffffff  __TI_prof_data_size           
ffffffff  __TI_prof_data_start          
0000ccbe  __TI_zero_init_nomemset       
ffffffff  __c_args__                    
0000cc94  __mspabi_divu                 
0000cd4a  __mspabi_func_epilog_1        
0000cd48  __mspabi_func_epilog_2        
0000cd46  __mspabi_func_epilog_3        
0000cd44  __mspabi_func_epilog_4        
0000cd42  __mspabi_func_epilog_5        
0000cd40  __mspabi_func_epilog_6        
0000cd3e  __mspabi_func_epilog_7        
0000cce6  __mspabi_mpyi                 
0000cce6  __mspabi_mpyi_sw              
0000cc94  __mspabi_remu                 
0000cb40  __mspabi_slli                 
0000cb68  __mspabi_slli_1               
0000cb56  __mspabi_slli_10              
0000cb54  __mspabi_slli_11              
0000cb52  __mspabi_slli_12              
0000cb50  __mspabi_slli_13              
0000cb4e  __mspabi_slli_14              
0000cb4c  __mspabi_slli_15              
0000cb66  __mspabi_slli_2               
0000cb64  __mspabi_slli_3               
0000cb62  __mspabi_slli_4               
0000cb60  __mspabi_slli_5               
0000cb5e  __mspabi_slli_6               
0000cb5c  __mspabi_slli_7               
0000cb5a  __mspabi_slli_8               
0000cb58  __mspabi_slli_9               
0000ca42  __mspabi_srli                 
0000ca88  __mspabi_srli_1               
0000ca64  __mspabi_srli_10              
0000ca60  __mspabi_srli_11              
0000ca5c  __mspabi_srli_12              
0000ca58  __mspabi_srli_13              
0000ca54  __mspabi_srli_14              
0000ca50  __mspabi_srli_15              
0000ca84  __mspabi_srli_2               
0000ca80  __mspabi_srli_3               
0000ca7c  __mspabi_srli_4               
0000ca78  __mspabi_srli_5               
0000ca74  __mspabi_srli_6               
0000ca70  __mspabi_srli_7               
0000ca6c  __mspabi_srli_8               
0000ca68  __mspabi_srli_9               
0000cc48  _c_int00_noargs               
0000fffe  _reset_vector                 
000003b0  _stack                        
0000cd78  _system_post_cinit            
0000cd74  _system_pre_init              
0000cd6e  abort                         
0000c4ee  button                        
00000200  button_press_detected         
00000219  byteSent                      
00000218  byteToTransmit                
0000c000  check_input                   
00000202  curr_note                     
00000204  current_note                  
00000206  debounce_counter              
0000cb6c  init_board_communication      
0000cbc0  init_buttons                  
0000c268  main                          
0000cc08  memccpy                       
0000cd0c  memcpy                        
0000ccd2  memset                        
0000cd1e  play_song1                    
0000cd2e  play_song2                    
0000cb96  rgb_init_spi                  
00000208  score                         
0000c9ec  snprintf                      
0000020a  song                          
0000cd7a  song1                         
0000020c  state                         
0000cc64  strcat                        
0000cd4e  strlen                        
0000020e  strummer                      
00000210  user_LED_1                    
00000212  user_LED_2                    
00000214  user_LED_3                    
00000216  user_LED_4                    


GLOBAL SYMBOLS: SORTED BY Symbol Address 

address   name                          
-------   ----                          
00000000  IE1                           
00000001  IE2                           
00000002  IFG1                          
00000003  IFG2                          
00000010  P3REN                         
00000018  P3IN                          
00000019  P3OUT                         
0000001a  P3DIR                         
0000001b  P3SEL                         
00000020  P1IN                          
00000021  P1OUT                         
00000022  P1DIR                         
00000023  P1IFG                         
00000024  P1IES                         
00000025  P1IE                          
00000026  P1SEL                         
00000027  P1REN                         
00000028  P2IN                          
00000029  P2OUT                         
0000002a  P2DIR                         
0000002b  P2IFG                         
0000002c  P2IES                         
0000002d  P2IE                          
0000002e  P2SEL                         
0000002f  P2REN                         
00000041  P1SEL2                        
00000042  P2SEL2                        
00000043  P3SEL2                        
00000048  ADC10DTC0                     
00000049  ADC10DTC1                     
0000004a  ADC10AE0                      
00000050  __STACK_SIZE                  
00000053  BCSCTL3                       
00000056  DCOCTL                        
00000057  BCSCTL1                       
00000058  BCSCTL2                       
00000059  CACTL1                        
0000005a  CACTL2                        
0000005b  CAPD                          
0000005d  UCA0ABCTL                     
0000005e  UCA0IRTCTL                    
0000005f  UCA0IRRCTL                    
00000060  UCA0CTL0                      
00000061  UCA0CTL1                      
00000062  UCA0BR0                       
00000063  UCA0BR1                       
00000064  UCA0MCTL                      
00000065  UCA0STAT                      
00000066  UCA0RXBUF                     
00000067  UCA0TXBUF                     
00000068  UCB0CTL0                      
00000069  UCB0CTL1                      
0000006a  UCB0BR0                       
0000006b  UCB0BR1                       
0000006c  UCB0I2CIE                     
0000006d  UCB0STAT                      
0000006e  UCB0RXBUF                     
0000006f  UCB0TXBUF                     
00000118  UCB0I2COA                     
0000011a  UCB0I2CSA                     
0000011e  TA1IV                         
00000120  WDTCTL                        
00000128  FCTL1                         
0000012a  FCTL2                         
0000012c  FCTL3                         
0000012e  TA0IV                         
00000160  TA0CTL                        
00000162  TA0CCTL0                      
00000164  TA0CCTL1                      
00000166  TA0CCTL2                      
00000170  TA0R                          
00000172  TA0CCR0                       
00000174  TA0CCR1                       
00000176  TA0CCR2                       
00000180  TA1CTL                        
00000182  TA1CCTL0                      
00000184  TA1CCTL1                      
00000186  TA1CCTL2                      
00000190  TA1R                          
00000192  TA1CCR0                       
00000194  TA1CCR1                       
00000196  TA1CCR2                       
000001b0  ADC10CTL0                     
000001b2  ADC10CTL1                     
000001b4  ADC10MEM                      
000001bc  ADC10SA                       
00000200  button_press_detected         
00000202  curr_note                     
00000204  current_note                  
00000206  debounce_counter              
00000208  score                         
0000020a  song                          
0000020c  state                         
0000020e  strummer                      
00000210  user_LED_1                    
00000212  user_LED_2                    
00000214  user_LED_3                    
00000216  user_LED_4                    
00000218  byteToTransmit                
00000219  byteSent                      
000003b0  _stack                        
00000400  __STACK_END                   
000010c0  TLV_CHECKSUM                  
000010da  TLV_ADC10_1_TAG               
000010db  TLV_ADC10_1_LEN               
000010f6  TLV_DCO_30_TAG                
000010f7  TLV_DCO_30_LEN                
000010f8  CALDCO_16MHZ                  
000010f9  CALBC1_16MHZ                  
000010fa  CALDCO_12MHZ                  
000010fb  CALBC1_12MHZ                  
000010fc  CALDCO_8MHZ                   
000010fd  CALBC1_8MHZ                   
000010fe  CALDCO_1MHZ                   
000010ff  CALBC1_1MHZ                   
0000c000  check_input                   
0000c268  main                          
0000c4ee  button                        
0000c5fc  __TI_printfi_minimal          
0000c7b2  LcdWriteCommand               
0000c836  LcdWriteChar                  
0000c8b2  __TI_decompress_lzss          
0000c92e  LcdInit                       
0000c994  LcdSetPosition                
0000c9ec  snprintf                      
0000ca42  __mspabi_srli                 
0000ca50  __mspabi_srli_15              
0000ca54  __mspabi_srli_14              
0000ca58  __mspabi_srli_13              
0000ca5c  __mspabi_srli_12              
0000ca60  __mspabi_srli_11              
0000ca64  __mspabi_srli_10              
0000ca68  __mspabi_srli_9               
0000ca6c  __mspabi_srli_8               
0000ca70  __mspabi_srli_7               
0000ca74  __mspabi_srli_6               
0000ca78  __mspabi_srli_5               
0000ca7c  __mspabi_srli_4               
0000ca80  __mspabi_srli_3               
0000ca84  __mspabi_srli_2               
0000ca88  __mspabi_srli_1               
0000ca8e  __TI_auto_init_nobinit_nopinit
0000cad0  I2cTransmitInit               
0000cb40  __mspabi_slli                 
0000cb4c  __mspabi_slli_15              
0000cb4e  __mspabi_slli_14              
0000cb50  __mspabi_slli_13              
0000cb52  __mspabi_slli_12              
0000cb54  __mspabi_slli_11              
0000cb56  __mspabi_slli_10              
0000cb58  __mspabi_slli_9               
0000cb5a  __mspabi_slli_8               
0000cb5c  __mspabi_slli_7               
0000cb5e  __mspabi_slli_6               
0000cb60  __mspabi_slli_5               
0000cb62  __mspabi_slli_4               
0000cb64  __mspabi_slli_3               
0000cb66  __mspabi_slli_2               
0000cb68  __mspabi_slli_1               
0000cb6c  init_board_communication      
0000cb96  rgb_init_spi                  
0000cbc0  init_buttons                  
0000cbe6  USCIAB0TX_ISR                 
0000cc08  memccpy                       
0000cc48  _c_int00_noargs               
0000cc64  strcat                        
0000cc7e  LcdWriteString                
0000cc94  __mspabi_divu                 
0000cc94  __mspabi_remu                 
0000ccaa  I2cTransmit                   
0000ccbe  __TI_zero_init_nomemset       
0000ccd2  memset                        
0000cce6  __mspabi_mpyi                 
0000cce6  __mspabi_mpyi_sw              
0000ccfa  __TI_decompress_none          
0000cd0c  memcpy                        
0000cd1e  play_song1                    
0000cd2e  play_song2                    
0000cd3e  __mspabi_func_epilog_7        
0000cd40  __mspabi_func_epilog_6        
0000cd42  __mspabi_func_epilog_5        
0000cd44  __mspabi_func_epilog_4        
0000cd46  __mspabi_func_epilog_3        
0000cd48  __mspabi_func_epilog_2        
0000cd4a  __mspabi_func_epilog_1        
0000cd4e  strlen                        
0000cd5c  I2cNotReady                   
0000cd66  __TI_ISR_TRAP                 
0000cd6e  C$$EXIT                       
0000cd6e  abort                         
0000cd74  _system_pre_init              
0000cd78  _system_post_cinit            
0000cd7a  song1                         
0000d320  __TI_Handler_Table_Base       
0000d326  __TI_Handler_Table_Limit      
0000d330  __TI_CINIT_Base               
0000d338  __TI_CINIT_Limit              
0000d338  __TI_CINIT_Warm               
0000ffe0  __TI_int00                    
0000ffe4  __TI_int02                    
0000ffe6  __TI_int03                    
0000ffea  __TI_int05                    
0000ffec  __TI_int06                    
0000ffee  __TI_int07                    
0000fff0  __TI_int08                    
0000fff2  __TI_int09                    
0000fff4  __TI_int10                    
0000fff6  __TI_int11                    
0000fff8  __TI_int12                    
0000fffa  __TI_int13                    
0000fffc  __TI_int14                    
0000fffe  _reset_vector                 
ffffffff  __TI_pprof_out_hndl           
ffffffff  __TI_prof_data_size           
ffffffff  __TI_prof_data_start          
ffffffff  __c_args__                    

[216 symbols]
